
--- INÍCIO ---

Carregando filiais
['0', 'A', '15', '0']
['1', 'B', '0', '4.00']
['2', 'C', '0', '3.00']
['3', 'D', '0', '2.50']
['4', 'E', '-1', '1.50']
['5', 'F', '-1', '3.50']
['6', 'G', '-2', '2.00']
['7', 'H', '-2', '1.50']
['8', 'I', '-2', '2.00']
['9', 'J', '-2', '1.00']
['10', 'K', '-5', '1.50']
Ok: 0.0005182510000003582 segundos

Carregando trajetos
{(0, 1): {'c': 15.1, 'u': 506},
 (1, 2): {'c': 15.1, 'u': 506},
 (2, 3): {'c': 15.1, 'u': 506},
 (2, 9): {'c': 10.1, 'u': 506},
 (3, 4): {'c': 10.3, 'u': 506},
 (3, 5): {'c': 10.2, 'u': 506},
 (4, 7): {'c': 4.1, 'u': 506},
 (4, 8): {'c': 5.4, 'u': 506},
 (5, 8): {'c': 5.3, 'u': 506},
 (5, 9): {'c': 6.2, 'u': 506},
 (5, 10): {'c': 5.1, 'u': 506},
 (6, 10): {'c': 1.3, 'u': 506},
 (7, 8): {'c': 4.2, 'u': 506},
 (7, 10): {'c': 2.2, 'u': 506},
 (8, 6): {'c': 8.3, 'u': 506},
 (8, 10): {'c': 5.3, 'u': 506},
 (9, 10): {'c': 3.1, 'u': 506}}
Ok: 0.0009486270000000907 segundos

Carregando veículos
{0: {'capacidade_maxima_kg': 500.5, 'custo_km': 30.15, 'nome': 'Cam_G'},
 1: {'capacidade_maxima_kg': 500.5, 'custo_km': 30.15, 'nome': 'Cam_G'},
 2: {'capacidade_maxima_kg': 200.5, 'custo_km': 20.15, 'nome': 'Cam_P'},
 3: {'capacidade_maxima_kg': 200.5, 'custo_km': 20.15, 'nome': 'Cam_P'},
 4: {'capacidade_maxima_kg': 75.5, 'custo_km': 10.15, 'nome': 'Van'},
 5: {'capacidade_maxima_kg': 75.5, 'custo_km': 10.15, 'nome': 'Van'},
 6: {'capacidade_maxima_kg': 75.5, 'custo_km': 10.15, 'nome': 'Van'},
 7: {'capacidade_maxima_kg': 10.5, 'custo_km': 5.15, 'nome': 'Moto'},
 8: {'capacidade_maxima_kg': 10.5, 'custo_km': 5.15, 'nome': 'Moto'},
 9: {'capacidade_maxima_kg': 10.5, 'custo_km': 5.15, 'nome': 'Moto'},
 10: {'capacidade_maxima_kg': 8.5, 'custo_km': 3.15, 'nome': 'Moto'},
 11: {'capacidade_maxima_kg': 8.5, 'custo_km': 3.15, 'nome': 'Moto'},
 12: {'capacidade_maxima_kg': 2.5, 'custo_km': 3.15, 'nome': 'Bicicleta'}}
Ok: 0.0006175139999999857 segundos

Carregando matriz de custos (gerada préviamente)
Ok: 0.055177501000000184 segundos

Solução do problema de minimização do custo

Optimal solution:
x_(0, 1) = 15.0
x_(1, 2) = 15.0
x_(2, 9) = 7.0
x_(2, 3) = 8.0
x_(3, 4) = 3.0
x_(3, 5) = 5.0
x_(4, 7) = 2.0
x_(4, 8) = 0.0
x_(5, 8) = 4.0
x_(5, 9) = 0.0
x_(5, 10) = 0.0
x_(8, 6) = 2.0
x_(6, 10) = 0.0
x_(7, 8) = 0.0
x_(7, 10) = 0.0
x_(8, 10) = 0.0
x_(9, 10) = 5.0
Valor da solução ótima: 788

Tempo total: 3.861797086 segundos

--- FIM ----

--- INÍCIO ---

Carregando filiais
['0', 'A', '15', '0']
['1', 'B', '0', '4.00']
['2', 'C', '0', '3.00']
['3', 'D', '0', '2.50']
['4', 'E', '-1', '1.50']
['5', 'F', '-1', '3.50']
['6', 'G', '-2', '2.00']
['7', 'H', '-2', '1.50']
['8', 'I', '-2', '2.00']
['9', 'J', '-2', '1.00']
['10', 'K', '-5', '1.50']
Ok: 0.00028333100000033085 segundos

Carregando trajetos
{(0, 1): {'c': 15.1, 'u': 506},
 (1, 2): {'c': 15.1, 'u': 506},
 (2, 3): {'c': 15.1, 'u': 506},
 (2, 9): {'c': 10.1, 'u': 506},
 (3, 4): {'c': 10.3, 'u': 506},
 (3, 5): {'c': 10.2, 'u': 506},
 (4, 7): {'c': 4.1, 'u': 506},
 (4, 8): {'c': 5.4, 'u': 506},
 (5, 8): {'c': 5.3, 'u': 506},
 (5, 9): {'c': 6.2, 'u': 506},
 (5, 10): {'c': 5.1, 'u': 506},
 (6, 10): {'c': 1.3, 'u': 506},
 (7, 8): {'c': 4.2, 'u': 506},
 (7, 10): {'c': 2.2, 'u': 506},
 (8, 6): {'c': 8.3, 'u': 506},
 (8, 10): {'c': 5.3, 'u': 506},
 (9, 10): {'c': 3.1, 'u': 506}}
Ok: 0.0009285889999999242 segundos

Carregando veículos
{0: {'capacidade_maxima_kg': 500.5, 'custo_km': 30.15, 'nome': 'Cam_G'},
 1: {'capacidade_maxima_kg': 500.5, 'custo_km': 30.15, 'nome': 'Cam_G'},
 2: {'capacidade_maxima_kg': 200.5, 'custo_km': 20.15, 'nome': 'Cam_P'},
 3: {'capacidade_maxima_kg': 200.5, 'custo_km': 20.15, 'nome': 'Cam_P'},
 4: {'capacidade_maxima_kg': 75.5, 'custo_km': 10.15, 'nome': 'Van'},
 5: {'capacidade_maxima_kg': 75.5, 'custo_km': 10.15, 'nome': 'Van'},
 6: {'capacidade_maxima_kg': 75.5, 'custo_km': 10.15, 'nome': 'Van'},
 7: {'capacidade_maxima_kg': 10.5, 'custo_km': 5.15, 'nome': 'Moto'},
 8: {'capacidade_maxima_kg': 10.5, 'custo_km': 5.15, 'nome': 'Moto'},
 9: {'capacidade_maxima_kg': 10.5, 'custo_km': 5.15, 'nome': 'Moto'},
 10: {'capacidade_maxima_kg': 8.5, 'custo_km': 3.15, 'nome': 'Moto'},
 11: {'capacidade_maxima_kg': 8.5, 'custo_km': 3.15, 'nome': 'Moto'},
 12: {'capacidade_maxima_kg': 2.5, 'custo_km': 3.15, 'nome': 'Bicicleta'}}
Ok: 0.0005417969999998995 segundos

Carregando matriz de custos (gerada préviamente)
Ok: 0.05316562400000002 segundos

Solução do problema de minimização do custo

Optimal solution:
x_(0, 1) = 15.0
x_(1, 2) = 15.0
x_(2, 9) = 7.0
x_(2, 3) = 8.0
x_(3, 4) = 3.0
x_(3, 5) = 5.0
x_(4, 7) = 2.0
x_(4, 8) = 0.0
x_(5, 8) = 4.0
x_(5, 9) = 0.0
x_(5, 10) = 0.0
x_(8, 6) = 2.0
x_(6, 10) = 0.0
x_(7, 8) = 0.0
x_(7, 10) = 0.0
x_(8, 10) = 0.0
x_(9, 10) = 5.0
Valor da solução ótima: 788

Tempo total: 3.83108317 segundos

--- FIM ----

--- INÍCIO ---

Carregando filiais
['0', 'A', '15', '0']
['1', 'B', '0', '4.00']
['2', 'C', '0', '3.00']
['3', 'D', '0', '2.50']
['4', 'E', '-1', '1.50']
['5', 'F', '-1', '3.50']
['6', 'G', '-2', '2.00']
['7', 'H', '-2', '1.50']
['8', 'I', '-2', '2.00']
['9', 'J', '-2', '1.00']
['10', 'K', '-5', '1.50']
Ok: 0.00030565399999993303 segundos

Carregando trajetos
{(0, 1): {'c': 15.1, 'u': 506},
 (1, 2): {'c': 15.1, 'u': 506},
 (2, 3): {'c': 15.1, 'u': 506},
 (2, 9): {'c': 10.1, 'u': 506},
 (3, 4): {'c': 10.3, 'u': 506},
 (3, 5): {'c': 10.2, 'u': 506},
 (4, 7): {'c': 4.1, 'u': 506},
 (4, 8): {'c': 5.4, 'u': 506},
 (5, 8): {'c': 5.3, 'u': 506},
 (5, 9): {'c': 6.2, 'u': 506},
 (5, 10): {'c': 5.1, 'u': 506},
 (6, 10): {'c': 1.3, 'u': 506},
 (7, 8): {'c': 4.2, 'u': 506},
 (7, 10): {'c': 2.2, 'u': 506},
 (8, 6): {'c': 8.3, 'u': 506},
 (8, 10): {'c': 5.3, 'u': 506},
 (9, 10): {'c': 3.1, 'u': 506}}
Ok: 0.000688188000000256 segundos

Carregando veículos
{0: {'capacidade_maxima_kg': 500.5, 'custo_km': 30.15, 'nome': 'Cam_G'},
 1: {'capacidade_maxima_kg': 500.5, 'custo_km': 30.15, 'nome': 'Cam_G'},
 2: {'capacidade_maxima_kg': 200.5, 'custo_km': 20.15, 'nome': 'Cam_P'},
 3: {'capacidade_maxima_kg': 200.5, 'custo_km': 20.15, 'nome': 'Cam_P'},
 4: {'capacidade_maxima_kg': 75.5, 'custo_km': 10.15, 'nome': 'Van'},
 5: {'capacidade_maxima_kg': 75.5, 'custo_km': 10.15, 'nome': 'Van'},
 6: {'capacidade_maxima_kg': 75.5, 'custo_km': 10.15, 'nome': 'Van'},
 7: {'capacidade_maxima_kg': 10.5, 'custo_km': 5.15, 'nome': 'Moto'},
 8: {'capacidade_maxima_kg': 10.5, 'custo_km': 5.15, 'nome': 'Moto'},
 9: {'capacidade_maxima_kg': 10.5, 'custo_km': 5.15, 'nome': 'Moto'},
 10: {'capacidade_maxima_kg': 8.5, 'custo_km': 3.15, 'nome': 'Moto'},
 11: {'capacidade_maxima_kg': 8.5, 'custo_km': 3.15, 'nome': 'Moto'},
 12: {'capacidade_maxima_kg': 2.5, 'custo_km': 3.15, 'nome': 'Bicicleta'}}
Ok: 0.0005172110000000174 segundos

Carregando matriz de custos (gerada préviamente)
Arquivo data/matriz_custos.csv não existe
Ok: 4.804800000002274e-05 segundos

Matriz de custos não encontrada!!

Criando matriz de custos

--- INÍCIO ---

Carregando filiais
Ok: 0.00015461100000013772 segundos

Carregando trajetos
{(0, 1): {'c': 15.1, 'u': 506},
 (1, 2): {'c': 15.1, 'u': 506},
 (2, 3): {'c': 15.1, 'u': 506},
 (2, 9): {'c': 10.1, 'u': 506},
 (3, 4): {'c': 10.3, 'u': 506},
 (3, 5): {'c': 10.2, 'u': 506},
 (4, 7): {'c': 4.1, 'u': 506},
 (4, 8): {'c': 5.4, 'u': 506},
 (5, 8): {'c': 5.3, 'u': 506},
 (5, 9): {'c': 6.2, 'u': 506},
 (5, 10): {'c': 5.1, 'u': 506},
 (6, 10): {'c': 1.3, 'u': 506},
 (7, 8): {'c': 4.2, 'u': 506},
 (7, 10): {'c': 2.2, 'u': 506},
 (8, 6): {'c': 8.3, 'u': 506},
 (8, 10): {'c': 5.3, 'u': 506},
 (9, 10): {'c': 3.1, 'u': 506}}
Ok: 0.0007117519999999544 segundos

Carregando veículos
{0: {'capacidade_maxima_kg': 500.5, 'custo_km': 30.15, 'nome': 'Cam_G'},
 1: {'capacidade_maxima_kg': 500.5, 'custo_km': 30.15, 'nome': 'Cam_G'},
 2: {'capacidade_maxima_kg': 200.5, 'custo_km': 20.15, 'nome': 'Cam_P'},
 3: {'capacidade_maxima_kg': 200.5, 'custo_km': 20.15, 'nome': 'Cam_P'},
 4: {'capacidade_maxima_kg': 75.5, 'custo_km': 10.15, 'nome': 'Van'},
 5: {'capacidade_maxima_kg': 75.5, 'custo_km': 10.15, 'nome': 'Van'},
 6: {'capacidade_maxima_kg': 75.5, 'custo_km': 10.15, 'nome': 'Van'},
 7: {'capacidade_maxima_kg': 10.5, 'custo_km': 5.15, 'nome': 'Moto'},
 8: {'capacidade_maxima_kg': 10.5, 'custo_km': 5.15, 'nome': 'Moto'},
 9: {'capacidade_maxima_kg': 10.5, 'custo_km': 5.15, 'nome': 'Moto'},
 10: {'capacidade_maxima_kg': 8.5, 'custo_km': 3.15, 'nome': 'Moto'},
 11: {'capacidade_maxima_kg': 8.5, 'custo_km': 3.15, 'nome': 'Moto'},
 12: {'capacidade_maxima_kg': 2.5, 'custo_km': 3.15, 'nome': 'Bicicleta'}}
Ok: 0.000523825999999783 segundos

Carregando matriz de custos (gerada préviamente)
Ok: 0.05297053199999979 segundos

Solução do problema de minimização do custo

Optimal solution:
x_(0, 1) = 15.0
x_(1, 2) = 15.0
x_(2, 9) = 7.0
x_(2, 3) = 8.0
x_(3, 4) = 3.0
x_(3, 5) = 5.0
x_(4, 7) = 2.0
x_(4, 8) = 0.0
x_(5, 8) = 4.0
x_(5, 9) = 0.0
x_(5, 10) = 0.0
x_(8, 6) = 2.0
x_(6, 10) = 0.0
x_(7, 8) = 0.0
x_(7, 10) = 0.0
x_(8, 10) = 0.0
x_(9, 10) = 5.0
Valor da solução ótima: 788

Tempo total: 3.900864067 segundos

--- FIM ----

--- INÍCIO ---

Carregando filiais
Ok: 0.00016058799999996154 segundos

Carregando trajetos
{(0, 1): {'c': 15.1, 'u': 506},
 (1, 2): {'c': 15.1, 'u': 506},
 (2, 3): {'c': 15.1, 'u': 506},
 (2, 9): {'c': 10.1, 'u': 506},
 (3, 4): {'c': 10.3, 'u': 506},
 (3, 5): {'c': 10.2, 'u': 506},
 (4, 7): {'c': 4.1, 'u': 506},
 (4, 8): {'c': 5.4, 'u': 506},
 (5, 8): {'c': 5.3, 'u': 506},
 (5, 9): {'c': 6.2, 'u': 506},
 (5, 10): {'c': 5.1, 'u': 506},
 (6, 10): {'c': 1.3, 'u': 506},
 (7, 8): {'c': 4.2, 'u': 506},
 (7, 10): {'c': 2.2, 'u': 506},
 (8, 6): {'c': 8.3, 'u': 506},
 (8, 10): {'c': 5.3, 'u': 506},
 (9, 10): {'c': 3.1, 'u': 506}}
Ok: 0.0006890020000001051 segundos

Carregando veículos
{0: {'capacidade_maxima_kg': 500.5, 'custo_km': 30.15, 'nome': 'Cam_G'},
 1: {'capacidade_maxima_kg': 500.5, 'custo_km': 30.15, 'nome': 'Cam_G'},
 2: {'capacidade_maxima_kg': 200.5, 'custo_km': 20.15, 'nome': 'Cam_P'},
 3: {'capacidade_maxima_kg': 200.5, 'custo_km': 20.15, 'nome': 'Cam_P'},
 4: {'capacidade_maxima_kg': 75.5, 'custo_km': 10.15, 'nome': 'Van'},
 5: {'capacidade_maxima_kg': 75.5, 'custo_km': 10.15, 'nome': 'Van'},
 6: {'capacidade_maxima_kg': 75.5, 'custo_km': 10.15, 'nome': 'Van'},
 7: {'capacidade_maxima_kg': 10.5, 'custo_km': 5.15, 'nome': 'Moto'},
 8: {'capacidade_maxima_kg': 10.5, 'custo_km': 5.15, 'nome': 'Moto'},
 9: {'capacidade_maxima_kg': 10.5, 'custo_km': 5.15, 'nome': 'Moto'},
 10: {'capacidade_maxima_kg': 8.5, 'custo_km': 3.15, 'nome': 'Moto'},
 11: {'capacidade_maxima_kg': 8.5, 'custo_km': 3.15, 'nome': 'Moto'},
 12: {'capacidade_maxima_kg': 2.5, 'custo_km': 3.15, 'nome': 'Bicicleta'}}
Ok: 0.0005061990000001515 segundos

Carregando matriz de custos (gerada préviamente)
Arquivo data/matriz_custos.csv não existe
Ok: 4.482699999996953e-05 segundos

Matriz de custos não encontrada!!

Criando matriz de custos
Ok: 0.019508702999999628 segundos

Gerando gráficos de custos por veículo
Ok: 19.459119688 segundos

Solução do problema de minimização do custo

Optimal solution:
x_(0, 1) = 15.0
x_(1, 2) = 15.0
x_(2, 9) = 7.0
x_(2, 3) = 8.0
x_(3, 4) = 3.0
x_(3, 5) = 5.0
x_(4, 7) = 2.0
x_(4, 8) = 0.0
x_(5, 8) = 4.0
x_(5, 9) = 0.0
x_(5, 10) = 0.0
x_(8, 6) = 2.0
x_(6, 10) = 0.0
x_(7, 8) = 0.0
x_(7, 10) = 0.0
x_(8, 10) = 0.0
x_(9, 10) = 5.0
Valor da solução ótima: 788

Tempo total: 1.9673724889999988 segundos

--- FIM ----

--- INÍCIO ---

Carregando filiais
Ok: 0.00018883399999980455 segundos

Carregando trajetos
{(0, 1): {'c': 15.1, 'u': 506},
 (1, 2): {'c': 15.1, 'u': 506},
 (2, 3): {'c': 15.1, 'u': 506},
 (2, 9): {'c': 10.1, 'u': 506},
 (3, 4): {'c': 10.3, 'u': 506},
 (3, 5): {'c': 10.2, 'u': 506},
 (4, 7): {'c': 4.1, 'u': 506},
 (4, 8): {'c': 5.4, 'u': 506},
 (5, 8): {'c': 5.3, 'u': 506},
 (5, 9): {'c': 6.2, 'u': 506},
 (5, 10): {'c': 5.1, 'u': 506},
 (6, 10): {'c': 1.3, 'u': 506},
 (7, 8): {'c': 4.2, 'u': 506},
 (7, 10): {'c': 2.2, 'u': 506},
 (8, 6): {'c': 8.3, 'u': 506},
 (8, 10): {'c': 5.3, 'u': 506},
 (9, 10): {'c': 3.1, 'u': 506}}
Ok: 0.0008436129999997988 segundos

Carregando veículos
{0: {'capacidade_maxima_kg': 500.5, 'custo_km': 30.15, 'nome': 'Cam_G'},
 1: {'capacidade_maxima_kg': 500.5, 'custo_km': 30.15, 'nome': 'Cam_G'},
 2: {'capacidade_maxima_kg': 200.5, 'custo_km': 20.15, 'nome': 'Cam_P'},
 3: {'capacidade_maxima_kg': 200.5, 'custo_km': 20.15, 'nome': 'Cam_P'},
 4: {'capacidade_maxima_kg': 75.5, 'custo_km': 10.15, 'nome': 'Van'},
 5: {'capacidade_maxima_kg': 75.5, 'custo_km': 10.15, 'nome': 'Van'},
 6: {'capacidade_maxima_kg': 75.5, 'custo_km': 10.15, 'nome': 'Van'},
 7: {'capacidade_maxima_kg': 10.5, 'custo_km': 5.15, 'nome': 'Moto'},
 8: {'capacidade_maxima_kg': 10.5, 'custo_km': 5.15, 'nome': 'Moto'},
 9: {'capacidade_maxima_kg': 10.5, 'custo_km': 5.15, 'nome': 'Moto'},
 10: {'capacidade_maxima_kg': 8.5, 'custo_km': 3.15, 'nome': 'Moto'},
 11: {'capacidade_maxima_kg': 8.5, 'custo_km': 3.15, 'nome': 'Moto'},
 12: {'capacidade_maxima_kg': 2.5, 'custo_km': 3.15, 'nome': 'Bicicleta'}}
Ok: 0.0005922859999998309 segundos

Carregando matriz de custos (gerada préviamente)
Ok: 0.05756071700000032 segundos

Solução do problema de minimização do custo

Optimal solution:
x_(0, 1) = 15.0
x_(1, 2) = 15.0
x_(2, 9) = 7.0
x_(2, 3) = 8.0
x_(3, 4) = 3.0
x_(3, 5) = 5.0
x_(4, 7) = 2.0
x_(4, 8) = 0.0
x_(5, 8) = 4.0
x_(5, 9) = 0.0
x_(5, 10) = 0.0
x_(8, 6) = 2.0
x_(6, 10) = 0.0
x_(7, 8) = 0.0
x_(7, 10) = 0.0
x_(8, 10) = 0.0
x_(9, 10) = 5.0
Valor da solução ótima: 788

Tempo do solver (glpk): 3.9923933980000004 segundos

Tempo total: 4.051661649 segundos

--- FIM ----

--- INÍCIO ---

Carregando filiais
Ok: 0.0001684769999998892 segundos

Carregando trajetos
{(0, 1): {'c': 15.1, 'u': 506},
 (1, 2): {'c': 15.1, 'u': 506},
 (2, 3): {'c': 15.1, 'u': 506},
 (2, 9): {'c': 10.1, 'u': 506},
 (3, 4): {'c': 10.3, 'u': 506},
 (3, 5): {'c': 10.2, 'u': 506},
 (4, 7): {'c': 4.1, 'u': 506},
 (4, 8): {'c': 5.4, 'u': 506},
 (5, 8): {'c': 5.3, 'u': 506},
 (5, 9): {'c': 6.2, 'u': 506},
 (5, 10): {'c': 5.1, 'u': 506},
 (6, 10): {'c': 1.3, 'u': 506},
 (7, 8): {'c': 4.2, 'u': 506},
 (7, 10): {'c': 2.2, 'u': 506},
 (8, 6): {'c': 8.3, 'u': 506},
 (8, 10): {'c': 5.3, 'u': 506},
 (9, 10): {'c': 3.1, 'u': 506}}
Ok: 0.0006788110000002234 segundos

Carregando veículos
{0: {'capacidade_maxima_kg': 500.5, 'custo_km': 30.15, 'nome': 'Cam_G'},
 1: {'capacidade_maxima_kg': 500.5, 'custo_km': 30.15, 'nome': 'Cam_G'},
 2: {'capacidade_maxima_kg': 200.5, 'custo_km': 20.15, 'nome': 'Cam_P'},
 3: {'capacidade_maxima_kg': 200.5, 'custo_km': 20.15, 'nome': 'Cam_P'},
 4: {'capacidade_maxima_kg': 75.5, 'custo_km': 10.15, 'nome': 'Van'},
 5: {'capacidade_maxima_kg': 75.5, 'custo_km': 10.15, 'nome': 'Van'},
 6: {'capacidade_maxima_kg': 75.5, 'custo_km': 10.15, 'nome': 'Van'},
 7: {'capacidade_maxima_kg': 10.5, 'custo_km': 5.15, 'nome': 'Moto'},
 8: {'capacidade_maxima_kg': 10.5, 'custo_km': 5.15, 'nome': 'Moto'},
 9: {'capacidade_maxima_kg': 10.5, 'custo_km': 5.15, 'nome': 'Moto'},
 10: {'capacidade_maxima_kg': 8.5, 'custo_km': 3.15, 'nome': 'Moto'},
 11: {'capacidade_maxima_kg': 8.5, 'custo_km': 3.15, 'nome': 'Moto'},
 12: {'capacidade_maxima_kg': 2.5, 'custo_km': 3.15, 'nome': 'Bicicleta'}}
Ok: 0.0004979080000002689 segundos

Carregando matriz de custos (gerada préviamente)
Arquivo data/matriz_custos.csv não existe
Ok: 4.4197999999884274e-05 segundos

Matriz de custos não encontrada!!

Criando matriz de custos
Ok: 0.02074685899999995 segundos

Gerando gráficos de custos por veículo
Ok: 19.448873958 segundos

Solução do problema de minimização do custo

Optimal solution:
x_(0, 1) = 15.0
x_(1, 2) = 15.0
x_(2, 9) = 7.0
x_(2, 3) = 8.0
x_(3, 4) = 3.0
x_(3, 5) = 5.0
x_(4, 7) = 2.0
x_(4, 8) = 0.0
x_(5, 8) = 4.0
x_(5, 9) = 0.0
x_(5, 10) = 0.0
x_(8, 6) = 2.0
x_(6, 10) = 0.0
x_(7, 8) = 0.0
x_(7, 10) = 0.0
x_(8, 10) = 0.0
x_(9, 10) = 5.0
Valor da solução ótima: 788

Tempo do solver (appsi_highs): 2.0572605850000016 segundos

Tempo total: 21.528370002 segundos

--- FIM ----
