--- INÍCIO ---

Carregando filiais
['0', 'A', '15', '0']
['1', 'B', '0', '4.00']
['2', 'C', '0', '3.00']
['3', 'D', '0', '2.50']
['4', 'E', '-1', '1.50']
['5', 'F', '-1', '3.50']
['6', 'G', '-2', '2.00']
['7', 'H', '-2', '1.50']
['8', 'I', '-2', '2.00']
['9', 'J', '-2', '1.00']
['10', 'K', '-5', '1.50']
Ok: 0.0007127190000000283 segundos

Carregando trajetos
{(0, 1): {'c': 15.0, 'u': 506},
 (1, 2): {'c': 15.0, 'u': 506},
 (2, 3): {'c': 15.0, 'u': 506},
 (2, 9): {'c': 10.0, 'u': 506},
 (3, 4): {'c': 10.0, 'u': 506},
 (3, 5): {'c': 10.0, 'u': 506},
 (4, 7): {'c': 4.0, 'u': 506},
 (4, 8): {'c': 5.0, 'u': 506},
 (5, 8): {'c': 5.0, 'u': 506},
 (5, 9): {'c': 6.0, 'u': 506},
 (5, 10): {'c': 5.0, 'u': 506},
 (6, 10): {'c': 1.0, 'u': 506},
 (7, 8): {'c': 4.0, 'u': 506},
 (7, 10): {'c': 2.0, 'u': 506},
 (8, 6): {'c': 8.0, 'u': 506},
 (8, 10): {'c': 5.0, 'u': 506},
 (9, 10): {'c': 3.0, 'u': 506}}
Ok: 0.0013596900000001355 segundos

Carregando veículos
{0: {'capacidade_maxima_kg': 500.5, 'custo_km': 30.15, 'nome': 'Cam_G'},
 1: {'capacidade_maxima_kg': 500.5, 'custo_km': 30.15, 'nome': 'Cam_G'},
 2: {'capacidade_maxima_kg': 200.5, 'custo_km': 20.15, 'nome': 'Cam_P'},
 3: {'capacidade_maxima_kg': 200.5, 'custo_km': 20.15, 'nome': 'Cam_P'},
 4: {'capacidade_maxima_kg': 75.5, 'custo_km': 10.15, 'nome': 'Van'},
 5: {'capacidade_maxima_kg': 75.5, 'custo_km': 10.15, 'nome': 'Van'},
 6: {'capacidade_maxima_kg': 75.5, 'custo_km': 10.15, 'nome': 'Van'},
 7: {'capacidade_maxima_kg': 10.5, 'custo_km': 5.15, 'nome': 'Moto'},
 8: {'capacidade_maxima_kg': 10.5, 'custo_km': 5.15, 'nome': 'Moto'},
 9: {'capacidade_maxima_kg': 10.5, 'custo_km': 5.15, 'nome': 'Moto'},
 10: {'capacidade_maxima_kg': 8.5, 'custo_km': 3.15, 'nome': 'Moto'},
 11: {'capacidade_maxima_kg': 8.5, 'custo_km': 3.15, 'nome': 'Moto'},
 12: {'capacidade_maxima_kg': 2.5, 'custo_km': 3.15, 'nome': 'Bicicleta'}}
Ok: 0.001002809000000049 segundos

Carregando matriz de custos (gerada préviamente)
Ok: 0.0718676570000003 segundos

Solução do problema de minimização do custo

Optimal solution:
x_(0, 1) = 15.0
x_(1, 2) = 15.0
x_(2, 9) = 7.0
x_(2, 3) = 8.0
x_(3, 4) = 7.0
x_(3, 5) = 1.0
x_(4, 7) = 2.0
x_(4, 8) = 4.0
x_(5, 8) = 0.0
x_(5, 9) = 0.0
x_(5, 10) = 0.0
x_(8, 6) = 2.0
x_(6, 10) = 0.0
x_(7, 8) = 0.0
x_(7, 10) = 0.0
x_(8, 10) = 0.0
x_(9, 10) = 5.0
Objective value: 779

Tempo total: 4.405927997000001 segundos

--- FIM ----
--- INÍCIO ---

Carregando filiais
['0', 'A', '15', '0']
['1', 'B', '0', '4.00']
['2', 'C', '0', '3.00']
['3', 'D', '0', '2.50']
['4', 'E', '-1', '1.50']
['5', 'F', '-1', '3.50']
['6', 'G', '-2', '2.00']
['7', 'H', '-2', '1.50']
['8', 'I', '-2', '2.00']
['9', 'J', '-2', '1.00']
['10', 'K', '-5', '1.50']
Ok: 0.00044135499999997663 segundos

Carregando trajetos
{(0, 1): {'c': 15.0, 'u': 506},
 (1, 2): {'c': 15.0, 'u': 506},
 (2, 3): {'c': 15.0, 'u': 506},
 (2, 9): {'c': 10.0, 'u': 506},
 (3, 4): {'c': 10.0, 'u': 506},
 (3, 5): {'c': 10.0, 'u': 506},
 (4, 7): {'c': 4.0, 'u': 506},
 (4, 8): {'c': 5.0, 'u': 506},
 (5, 8): {'c': 5.0, 'u': 506},
 (5, 9): {'c': 6.0, 'u': 506},
 (5, 10): {'c': 5.0, 'u': 506},
 (6, 10): {'c': 1.0, 'u': 506},
 (7, 8): {'c': 4.0, 'u': 506},
 (7, 10): {'c': 2.0, 'u': 506},
 (8, 6): {'c': 8.0, 'u': 506},
 (8, 10): {'c': 5.0, 'u': 506},
 (9, 10): {'c': 3.0, 'u': 506}}
Ok: 0.0011247719999998296 segundos

Carregando veículos
{0: {'capacidade_maxima_kg': 500.5, 'custo_km': 30.15, 'nome': 'Cam_G'},
 1: {'capacidade_maxima_kg': 500.5, 'custo_km': 30.15, 'nome': 'Cam_G'},
 2: {'capacidade_maxima_kg': 200.5, 'custo_km': 20.15, 'nome': 'Cam_P'},
 3: {'capacidade_maxima_kg': 200.5, 'custo_km': 20.15, 'nome': 'Cam_P'},
 4: {'capacidade_maxima_kg': 75.5, 'custo_km': 10.15, 'nome': 'Van'},
 5: {'capacidade_maxima_kg': 75.5, 'custo_km': 10.15, 'nome': 'Van'},
 6: {'capacidade_maxima_kg': 75.5, 'custo_km': 10.15, 'nome': 'Van'},
 7: {'capacidade_maxima_kg': 10.5, 'custo_km': 5.15, 'nome': 'Moto'},
 8: {'capacidade_maxima_kg': 10.5, 'custo_km': 5.15, 'nome': 'Moto'},
 9: {'capacidade_maxima_kg': 10.5, 'custo_km': 5.15, 'nome': 'Moto'},
 10: {'capacidade_maxima_kg': 8.5, 'custo_km': 3.15, 'nome': 'Moto'},
 11: {'capacidade_maxima_kg': 8.5, 'custo_km': 3.15, 'nome': 'Moto'},
 12: {'capacidade_maxima_kg': 2.5, 'custo_km': 3.15, 'nome': 'Bicicleta'}}
Ok: 0.0009023090000002121 segundos

Carregando matriz de custos (gerada préviamente)
Ok: 0.060379966000000174 segundos

Solução do problema de minimização do custo

Optimal solution:
x_(0, 1) = 15.0
x_(1, 2) = 15.0
x_(2, 9) = 7.0
x_(2, 3) = 8.0
x_(3, 4) = 7.0
x_(3, 5) = 1.0
x_(4, 7) = 2.0
x_(4, 8) = 4.0
x_(5, 8) = 0.0
x_(5, 9) = 0.0
x_(5, 10) = 0.0
x_(8, 6) = 2.0
x_(6, 10) = 0.0
x_(7, 8) = 0.0
x_(7, 10) = 0.0
x_(8, 10) = 0.0
x_(9, 10) = 5.0
Objective value: 779

Tempo total: 4.409820155 segundos

--- FIM ----

--- INÍCIO ---

Carregando filiais
['0', 'A', '15', '0']
['1', 'B', '0', '4.00']
['2', 'C', '0', '3.00']
['3', 'D', '0', '2.50']
['4', 'E', '-1', '1.50']
['5', 'F', '-1', '3.50']
['6', 'G', '-2', '2.00']
['7', 'H', '-2', '1.50']
['8', 'I', '-2', '2.00']
['9', 'J', '-2', '1.00']
['10', 'K', '-5', '1.50']
Ok: 0.0003461539999998209 segundos

Carregando trajetos
{(0, 1): {'c': 15.0, 'u': 506},
 (1, 2): {'c': 15.0, 'u': 506},
 (2, 3): {'c': 15.0, 'u': 506},
 (2, 9): {'c': 10.0, 'u': 506},
 (3, 4): {'c': 10.0, 'u': 506},
 (3, 5): {'c': 10.0, 'u': 506},
 (4, 7): {'c': 4.0, 'u': 506},
 (4, 8): {'c': 5.0, 'u': 506},
 (5, 8): {'c': 5.0, 'u': 506},
 (5, 9): {'c': 6.0, 'u': 506},
 (5, 10): {'c': 5.0, 'u': 506},
 (6, 10): {'c': 1.0, 'u': 506},
 (7, 8): {'c': 4.0, 'u': 506},
 (7, 10): {'c': 2.0, 'u': 506},
 (8, 6): {'c': 8.0, 'u': 506},
 (8, 10): {'c': 5.0, 'u': 506},
 (9, 10): {'c': 3.0, 'u': 506}}
Ok: 0.0008165049999999674 segundos

Carregando veículos
{0: {'capacidade_maxima_kg': 500.5, 'custo_km': 30.15, 'nome': 'Cam_G'},
 1: {'capacidade_maxima_kg': 500.5, 'custo_km': 30.15, 'nome': 'Cam_G'},
 2: {'capacidade_maxima_kg': 200.5, 'custo_km': 20.15, 'nome': 'Cam_P'},
 3: {'capacidade_maxima_kg': 200.5, 'custo_km': 20.15, 'nome': 'Cam_P'},
 4: {'capacidade_maxima_kg': 75.5, 'custo_km': 10.15, 'nome': 'Van'},
 5: {'capacidade_maxima_kg': 75.5, 'custo_km': 10.15, 'nome': 'Van'},
 6: {'capacidade_maxima_kg': 75.5, 'custo_km': 10.15, 'nome': 'Van'},
 7: {'capacidade_maxima_kg': 10.5, 'custo_km': 5.15, 'nome': 'Moto'},
 8: {'capacidade_maxima_kg': 10.5, 'custo_km': 5.15, 'nome': 'Moto'},
 9: {'capacidade_maxima_kg': 10.5, 'custo_km': 5.15, 'nome': 'Moto'},
 10: {'capacidade_maxima_kg': 8.5, 'custo_km': 3.15, 'nome': 'Moto'},
 11: {'capacidade_maxima_kg': 8.5, 'custo_km': 3.15, 'nome': 'Moto'},
 12: {'capacidade_maxima_kg': 2.5, 'custo_km': 3.15, 'nome': 'Bicicleta'}}
Ok: 0.0007729730000001211 segundos

Carregando matriz de custos (gerada préviamente)
Ok: 0.05492500099999997 segundos

Solução do problema de minimização do custo

Optimal solution:
x_(0, 1) = 15.0
x_(1, 2) = 15.0
x_(2, 9) = 7.0
x_(2, 3) = 8.0
x_(3, 4) = 7.0
x_(3, 5) = 1.0
x_(4, 7) = 2.0
x_(4, 8) = 4.0
x_(5, 8) = 0.0
x_(5, 9) = 0.0
x_(5, 10) = 0.0
x_(8, 6) = 2.0
x_(6, 10) = 0.0
x_(7, 8) = 0.0
x_(7, 10) = 0.0
x_(8, 10) = 0.0
x_(9, 10) = 5.0
Objective value: 779

Tempo total: 5.113614389999999 segundos

--- FIM ----

--- INÍCIO ---

Carregando filiais
['0', 'A', '15', '0']
['1', 'B', '0', '4.00']
['2', 'C', '0', '3.00']
['3', 'D', '0', '2.50']
['4', 'E', '-1', '1.50']
['5', 'F', '-1', '3.50']
['6', 'G', '-2', '2.00']
['7', 'H', '-2', '1.50']
['8', 'I', '-2', '2.00']
['9', 'J', '-2', '1.00']
['10', 'K', '-5', '1.50']
Ok: 0.0002887139999998567 segundos

Carregando trajetos
{(0, 1): {'c': 15.0, 'u': 506},
 (1, 2): {'c': 15.0, 'u': 506},
 (2, 3): {'c': 15.0, 'u': 506},
 (2, 9): {'c': 10.0, 'u': 506},
 (3, 4): {'c': 10.0, 'u': 506},
 (3, 5): {'c': 10.0, 'u': 506},
 (4, 7): {'c': 4.0, 'u': 506},
 (4, 8): {'c': 5.0, 'u': 506},
 (5, 8): {'c': 5.0, 'u': 506},
 (5, 9): {'c': 6.0, 'u': 506},
 (5, 10): {'c': 5.0, 'u': 506},
 (6, 10): {'c': 1.0, 'u': 506},
 (7, 8): {'c': 4.0, 'u': 506},
 (7, 10): {'c': 2.0, 'u': 506},
 (8, 6): {'c': 8.0, 'u': 506},
 (8, 10): {'c': 5.0, 'u': 506},
 (9, 10): {'c': 3.0, 'u': 506}}
Ok: 0.0006762020000001812 segundos

Carregando veículos
{0: {'capacidade_maxima_kg': 500.5, 'custo_km': 30.15, 'nome': 'Cam_G'},
 1: {'capacidade_maxima_kg': 500.5, 'custo_km': 30.15, 'nome': 'Cam_G'},
 2: {'capacidade_maxima_kg': 200.5, 'custo_km': 20.15, 'nome': 'Cam_P'},
 3: {'capacidade_maxima_kg': 200.5, 'custo_km': 20.15, 'nome': 'Cam_P'},
 4: {'capacidade_maxima_kg': 75.5, 'custo_km': 10.15, 'nome': 'Van'},
 5: {'capacidade_maxima_kg': 75.5, 'custo_km': 10.15, 'nome': 'Van'},
 6: {'capacidade_maxima_kg': 75.5, 'custo_km': 10.15, 'nome': 'Van'},
 7: {'capacidade_maxima_kg': 10.5, 'custo_km': 5.15, 'nome': 'Moto'},
 8: {'capacidade_maxima_kg': 10.5, 'custo_km': 5.15, 'nome': 'Moto'},
 9: {'capacidade_maxima_kg': 10.5, 'custo_km': 5.15, 'nome': 'Moto'},
 10: {'capacidade_maxima_kg': 8.5, 'custo_km': 3.15, 'nome': 'Moto'},
 11: {'capacidade_maxima_kg': 8.5, 'custo_km': 3.15, 'nome': 'Moto'},
 12: {'capacidade_maxima_kg': 2.5, 'custo_km': 3.15, 'nome': 'Bicicleta'}}
Ok: 0.0005289689999998792 segundos

Carregando matriz de custos (gerada préviamente)
Arquivo data/matriz_custos.csv não existe
Ok: 4.598700000002509e-05 segundos

Matriz de custos não encontrada!!

Criando matriz de custos
[[[0, 0, 0, 0, 0, 0, 0, 0, 0, 0, 0],
  [0, 0, 0, 0, 0, 0, 0, 0, 0, 0, 0],
  [0, 0, 0, 0, 0, 0, 0, 0, 0, 0, 0],
  [0, 0, 0, 0, 0, 0, 0, 0, 0, 0, 0],
  [0, 0, 0, 0, 0, 0, 0, 0, 0, 0, 0],
  [0, 0, 0, 0, 0, 0, 0, 0, 0, 0, 0],
  [0, 0, 0, 0, 0, 0, 0, 0, 0, 0, 0],
  [0, 0, 0, 0, 0, 0, 0, 0, 0, 0, 0],
  [0, 0, 0, 0, 0, 0, 0, 0, 0, 0, 0],
  [0, 0, 0, 0, 0, 0, 0, 0, 0, 0, 0],
  [0, 0, 0, 0, 0, 0, 0, 0, 0, 0, 0]],
 [[0, 0, 0, 0, 0, 0, 0, 0, 0, 0, 0],
  [0, 0, 0, 0, 0, 0, 0, 0, 0, 0, 0],
  [0, 0, 0, 0, 0, 0, 0, 0, 0, 0, 0],
  [0, 0, 0, 0, 0, 0, 0, 0, 0, 0, 0],
  [0, 0, 0, 0, 0, 0, 0, 0, 0, 0, 0],
  [0, 0, 0, 0, 0, 0, 0, 0, 0, 0, 0],
  [0, 0, 0, 0, 0, 0, 0, 0, 0, 0, 0],
  [0, 0, 0, 0, 0, 0, 0, 0, 0, 0, 0],
  [0, 0, 0, 0, 0, 0, 0, 0, 0, 0, 0],
  [0, 0, 0, 0, 0, 0, 0, 0, 0, 0, 0],
  [0, 0, 0, 0, 0, 0, 0, 0, 0, 0, 0]],
 [[0, 0, 0, 0, 0, 0, 0, 0, 0, 0, 0],
  [0, 0, 0, 0, 0, 0, 0, 0, 0, 0, 0],
  [0, 0, 0, 0, 0, 0, 0, 0, 0, 0, 0],
  [0, 0, 0, 0, 0, 0, 0, 0, 0, 0, 0],
  [0, 0, 0, 0, 0, 0, 0, 0, 0, 0, 0],
  [0, 0, 0, 0, 0, 0, 0, 0, 0, 0, 0],
  [0, 0, 0, 0, 0, 0, 0, 0, 0, 0, 0],
  [0, 0, 0, 0, 0, 0, 0, 0, 0, 0, 0],
  [0, 0, 0, 0, 0, 0, 0, 0, 0, 0, 0],
  [0, 0, 0, 0, 0, 0, 0, 0, 0, 0, 0],
  [0, 0, 0, 0, 0, 0, 0, 0, 0, 0, 0]],
 [[0, 0, 0, 0, 0, 0, 0, 0, 0, 0, 0],
  [0, 0, 0, 0, 0, 0, 0, 0, 0, 0, 0],
  [0, 0, 0, 0, 0, 0, 0, 0, 0, 0, 0],
  [0, 0, 0, 0, 0, 0, 0, 0, 0, 0, 0],
  [0, 0, 0, 0, 0, 0, 0, 0, 0, 0, 0],
  [0, 0, 0, 0, 0, 0, 0, 0, 0, 0, 0],
  [0, 0, 0, 0, 0, 0, 0, 0, 0, 0, 0],
  [0, 0, 0, 0, 0, 0, 0, 0, 0, 0, 0],
  [0, 0, 0, 0, 0, 0, 0, 0, 0, 0, 0],
  [0, 0, 0, 0, 0, 0, 0, 0, 0, 0, 0],
  [0, 0, 0, 0, 0, 0, 0, 0, 0, 0, 0]],
 [[0, 0, 0, 0, 0, 0, 0, 0, 0, 0, 0],
  [0, 0, 0, 0, 0, 0, 0, 0, 0, 0, 0],
  [0, 0, 0, 0, 0, 0, 0, 0, 0, 0, 0],
  [0, 0, 0, 0, 0, 0, 0, 0, 0, 0, 0],
  [0, 0, 0, 0, 0, 0, 0, 0, 0, 0, 0],
  [0, 0, 0, 0, 0, 0, 0, 0, 0, 0, 0],
  [0, 0, 0, 0, 0, 0, 0, 0, 0, 0, 0],
  [0, 0, 0, 0, 0, 0, 0, 0, 0, 0, 0],
  [0, 0, 0, 0, 0, 0, 0, 0, 0, 0, 0],
  [0, 0, 0, 0, 0, 0, 0, 0, 0, 0, 0],
  [0, 0, 0, 0, 0, 0, 0, 0, 0, 0, 0]],
 [[0, 0, 0, 0, 0, 0, 0, 0, 0, 0, 0],
  [0, 0, 0, 0, 0, 0, 0, 0, 0, 0, 0],
  [0, 0, 0, 0, 0, 0, 0, 0, 0, 0, 0],
  [0, 0, 0, 0, 0, 0, 0, 0, 0, 0, 0],
  [0, 0, 0, 0, 0, 0, 0, 0, 0, 0, 0],
  [0, 0, 0, 0, 0, 0, 0, 0, 0, 0, 0],
  [0, 0, 0, 0, 0, 0, 0, 0, 0, 0, 0],
  [0, 0, 0, 0, 0, 0, 0, 0, 0, 0, 0],
  [0, 0, 0, 0, 0, 0, 0, 0, 0, 0, 0],
  [0, 0, 0, 0, 0, 0, 0, 0, 0, 0, 0],
  [0, 0, 0, 0, 0, 0, 0, 0, 0, 0, 0]],
 [[0, 0, 0, 0, 0, 0, 0, 0, 0, 0, 0],
  [0, 0, 0, 0, 0, 0, 0, 0, 0, 0, 0],
  [0, 0, 0, 0, 0, 0, 0, 0, 0, 0, 0],
  [0, 0, 0, 0, 0, 0, 0, 0, 0, 0, 0],
  [0, 0, 0, 0, 0, 0, 0, 0, 0, 0, 0],
  [0, 0, 0, 0, 0, 0, 0, 0, 0, 0, 0],
  [0, 0, 0, 0, 0, 0, 0, 0, 0, 0, 0],
  [0, 0, 0, 0, 0, 0, 0, 0, 0, 0, 0],
  [0, 0, 0, 0, 0, 0, 0, 0, 0, 0, 0],
  [0, 0, 0, 0, 0, 0, 0, 0, 0, 0, 0],
  [0, 0, 0, 0, 0, 0, 0, 0, 0, 0, 0]],
 [[0, 0, 0, 0, 0, 0, 0, 0, 0, 0, 0],
  [0, 0, 0, 0, 0, 0, 0, 0, 0, 0, 0],
  [0, 0, 0, 0, 0, 0, 0, 0, 0, 0, 0],
  [0, 0, 0, 0, 0, 0, 0, 0, 0, 0, 0],
  [0, 0, 0, 0, 0, 0, 0, 0, 0, 0, 0],
  [0, 0, 0, 0, 0, 0, 0, 0, 0, 0, 0],
  [0, 0, 0, 0, 0, 0, 0, 0, 0, 0, 0],
  [0, 0, 0, 0, 0, 0, 0, 0, 0, 0, 0],
  [0, 0, 0, 0, 0, 0, 0, 0, 0, 0, 0],
  [0, 0, 0, 0, 0, 0, 0, 0, 0, 0, 0],
  [0, 0, 0, 0, 0, 0, 0, 0, 0, 0, 0]],
 [[0, 0, 0, 0, 0, 0, 0, 0, 0, 0, 0],
  [0, 0, 0, 0, 0, 0, 0, 0, 0, 0, 0],
  [0, 0, 0, 0, 0, 0, 0, 0, 0, 0, 0],
  [0, 0, 0, 0, 0, 0, 0, 0, 0, 0, 0],
  [0, 0, 0, 0, 0, 0, 0, 0, 0, 0, 0],
  [0, 0, 0, 0, 0, 0, 0, 0, 0, 0, 0],
  [0, 0, 0, 0, 0, 0, 0, 0, 0, 0, 0],
  [0, 0, 0, 0, 0, 0, 0, 0, 0, 0, 0],
  [0, 0, 0, 0, 0, 0, 0, 0, 0, 0, 0],
  [0, 0, 0, 0, 0, 0, 0, 0, 0, 0, 0],
  [0, 0, 0, 0, 0, 0, 0, 0, 0, 0, 0]],
 [[0, 0, 0, 0, 0, 0, 0, 0, 0, 0, 0],
  [0, 0, 0, 0, 0, 0, 0, 0, 0, 0, 0],
  [0, 0, 0, 0, 0, 0, 0, 0, 0, 0, 0],
  [0, 0, 0, 0, 0, 0, 0, 0, 0, 0, 0],
  [0, 0, 0, 0, 0, 0, 0, 0, 0, 0, 0],
  [0, 0, 0, 0, 0, 0, 0, 0, 0, 0, 0],
  [0, 0, 0, 0, 0, 0, 0, 0, 0, 0, 0],
  [0, 0, 0, 0, 0, 0, 0, 0, 0, 0, 0],
  [0, 0, 0, 0, 0, 0, 0, 0, 0, 0, 0],
  [0, 0, 0, 0, 0, 0, 0, 0, 0, 0, 0],
  [0, 0, 0, 0, 0, 0, 0, 0, 0, 0, 0]],
 [[0, 0, 0, 0, 0, 0, 0, 0, 0, 0, 0],
  [0, 0, 0, 0, 0, 0, 0, 0, 0, 0, 0],
  [0, 0, 0, 0, 0, 0, 0, 0, 0, 0, 0],
  [0, 0, 0, 0, 0, 0, 0, 0, 0, 0, 0],
  [0, 0, 0, 0, 0, 0, 0, 0, 0, 0, 0],
  [0, 0, 0, 0, 0, 0, 0, 0, 0, 0, 0],
  [0, 0, 0, 0, 0, 0, 0, 0, 0, 0, 0],
  [0, 0, 0, 0, 0, 0, 0, 0, 0, 0, 0],
  [0, 0, 0, 0, 0, 0, 0, 0, 0, 0, 0],
  [0, 0, 0, 0, 0, 0, 0, 0, 0, 0, 0],
  [0, 0, 0, 0, 0, 0, 0, 0, 0, 0, 0]],
 [[0, 0, 0, 0, 0, 0, 0, 0, 0, 0, 0],
  [0, 0, 0, 0, 0, 0, 0, 0, 0, 0, 0],
  [0, 0, 0, 0, 0, 0, 0, 0, 0, 0, 0],
  [0, 0, 0, 0, 0, 0, 0, 0, 0, 0, 0],
  [0, 0, 0, 0, 0, 0, 0, 0, 0, 0, 0],
  [0, 0, 0, 0, 0, 0, 0, 0, 0, 0, 0],
  [0, 0, 0, 0, 0, 0, 0, 0, 0, 0, 0],
  [0, 0, 0, 0, 0, 0, 0, 0, 0, 0, 0],
  [0, 0, 0, 0, 0, 0, 0, 0, 0, 0, 0],
  [0, 0, 0, 0, 0, 0, 0, 0, 0, 0, 0],
  [0, 0, 0, 0, 0, 0, 0, 0, 0, 0, 0]],
 [[0, 0, 0, 0, 0, 0, 0, 0, 0, 0, 0],
  [0, 0, 0, 0, 0, 0, 0, 0, 0, 0, 0],
  [0, 0, 0, 0, 0, 0, 0, 0, 0, 0, 0],
  [0, 0, 0, 0, 0, 0, 0, 0, 0, 0, 0],
  [0, 0, 0, 0, 0, 0, 0, 0, 0, 0, 0],
  [0, 0, 0, 0, 0, 0, 0, 0, 0, 0, 0],
  [0, 0, 0, 0, 0, 0, 0, 0, 0, 0, 0],
  [0, 0, 0, 0, 0, 0, 0, 0, 0, 0, 0],
  [0, 0, 0, 0, 0, 0, 0, 0, 0, 0, 0],
  [0, 0, 0, 0, 0, 0, 0, 0, 0, 0, 0],
  [0, 0, 0, 0, 0, 0, 0, 0, 0, 0, 0]]]
[[[0, 0, 0, 0, 0, 0, 0, 0, 0, 0, 0],
  [0, 0, 0, 0, 0, 0, 0, 0, 0, 0, 0],
  [0, 0, 0, 0, 0, 0, 0, 0, 0, 0, 0],
  [0, 0, 0, 0, 0, 0, 0, 0, 0, 0, 0],
  [0, 0, 0, 0, 0, 0, 0, 0, 0, 0, 0],
  [0, 0, 0, 0, 0, 0, 0, 0, 0, 0, 0],
  [0, 0, 0, 0, 0, 0, 0, 0, 0, 0, 0],
  [0, 0, 0, 0, 0, 0, 0, 0, 0, 0, 0],
  [0, 0, 0, 0, 0, 0, 0, 0, 0, 0, 0],
  [0, 0, 0, 0, 0, 0, 0, 0, 0, 0, 0],
  [0, 0, 0, 0, 0, 0, 0, 0, 0, 0, 0]],
 [[0, 0, 0, 0, 0, 0, 0, 0, 0, 0, 0],
  [0, 0, 0, 0, 0, 0, 0, 0, 0, 0, 0],
  [0, 0, 0, 0, 0, 0, 0, 0, 0, 0, 0],
  [0, 0, 0, 0, 0, 0, 0, 0, 0, 0, 0],
  [0, 0, 0, 0, 0, 0, 0, 0, 0, 0, 0],
  [0, 0, 0, 0, 0, 0, 0, 0, 0, 0, 0],
  [0, 0, 0, 0, 0, 0, 0, 0, 0, 0, 0],
  [0, 0, 0, 0, 0, 0, 0, 0, 0, 0, 0],
  [0, 0, 0, 0, 0, 0, 0, 0, 0, 0, 0],
  [0, 0, 0, 0, 0, 0, 0, 0, 0, 0, 0],
  [0, 0, 0, 0, 0, 0, 0, 0, 0, 0, 0]],
 [[0, 0, 0, 0, 0, 0, 0, 0, 0, 0, 0],
  [0, 0, 0, 0, 0, 0, 0, 0, 0, 0, 0],
  [0, 0, 0, 0, 0, 0, 0, 0, 0, 0, 0],
  [0, 0, 0, 0, 0, 0, 0, 0, 0, 0, 0],
  [0, 0, 0, 0, 0, 0, 0, 0, 0, 0, 0],
  [0, 0, 0, 0, 0, 0, 0, 0, 0, 0, 0],
  [0, 0, 0, 0, 0, 0, 0, 0, 0, 0, 0],
  [0, 0, 0, 0, 0, 0, 0, 0, 0, 0, 0],
  [0, 0, 0, 0, 0, 0, 0, 0, 0, 0, 0],
  [0, 0, 0, 0, 0, 0, 0, 0, 0, 0, 0],
  [0, 0, 0, 0, 0, 0, 0, 0, 0, 0, 0]],
 [[0, 0, 0, 0, 0, 0, 0, 0, 0, 0, 0],
  [0, 0, 0, 0, 0, 0, 0, 0, 0, 0, 0],
  [0, 0, 0, 0, 0, 0, 0, 0, 0, 0, 0],
  [0, 0, 0, 0, 0, 0, 0, 0, 0, 0, 0],
  [0, 0, 0, 0, 0, 0, 0, 0, 0, 0, 0],
  [0, 0, 0, 0, 0, 0, 0, 0, 0, 0, 0],
  [0, 0, 0, 0, 0, 0, 0, 0, 0, 0, 0],
  [0, 0, 0, 0, 0, 0, 0, 0, 0, 0, 0],
  [0, 0, 0, 0, 0, 0, 0, 0, 0, 0, 0],
  [0, 0, 0, 0, 0, 0, 0, 0, 0, 0, 0],
  [0, 0, 0, 0, 0, 0, 0, 0, 0, 0, 0]],
 [[0, 0, 0, 0, 0, 0, 0, 0, 0, 0, 0],
  [0, 0, 0, 0, 0, 0, 0, 0, 0, 0, 0],
  [0, 0, 0, 0, 0, 0, 0, 0, 0, 0, 0],
  [0, 0, 0, 0, 0, 0, 0, 0, 0, 0, 0],
  [0, 0, 0, 0, 0, 0, 0, 0, 0, 0, 0],
  [0, 0, 0, 0, 0, 0, 0, 0, 0, 0, 0],
  [0, 0, 0, 0, 0, 0, 0, 0, 0, 0, 0],
  [0, 0, 0, 0, 0, 0, 0, 0, 0, 0, 0],
  [0, 0, 0, 0, 0, 0, 0, 0, 0, 0, 0],
  [0, 0, 0, 0, 0, 0, 0, 0, 0, 0, 0],
  [0, 0, 0, 0, 0, 0, 0, 0, 0, 0, 0]],
 [[0, 0, 0, 0, 0, 0, 0, 0, 0, 0, 0],
  [0, 0, 0, 0, 0, 0, 0, 0, 0, 0, 0],
  [0, 0, 0, 0, 0, 0, 0, 0, 0, 0, 0],
  [0, 0, 0, 0, 0, 0, 0, 0, 0, 0, 0],
  [0, 0, 0, 0, 0, 0, 0, 0, 0, 0, 0],
  [0, 0, 0, 0, 0, 0, 0, 0, 0, 0, 0],
  [0, 0, 0, 0, 0, 0, 0, 0, 0, 0, 0],
  [0, 0, 0, 0, 0, 0, 0, 0, 0, 0, 0],
  [0, 0, 0, 0, 0, 0, 0, 0, 0, 0, 0],
  [0, 0, 0, 0, 0, 0, 0, 0, 0, 0, 0],
  [0, 0, 0, 0, 0, 0, 0, 0, 0, 0, 0]],
 [[0, 0, 0, 0, 0, 0, 0, 0, 0, 0, 0],
  [0, 0, 0, 0, 0, 0, 0, 0, 0, 0, 0],
  [0, 0, 0, 0, 0, 0, 0, 0, 0, 0, 0],
  [0, 0, 0, 0, 0, 0, 0, 0, 0, 0, 0],
  [0, 0, 0, 0, 0, 0, 0, 0, 0, 0, 0],
  [0, 0, 0, 0, 0, 0, 0, 0, 0, 0, 0],
  [0, 0, 0, 0, 0, 0, 0, 0, 0, 0, 0],
  [0, 0, 0, 0, 0, 0, 0, 0, 0, 0, 0],
  [0, 0, 0, 0, 0, 0, 0, 0, 0, 0, 0],
  [0, 0, 0, 0, 0, 0, 0, 0, 0, 0, 0],
  [0, 0, 0, 0, 0, 0, 0, 0, 0, 0, 0]],
 [[0, 0, 0, 0, 0, 0, 0, 0, 0, 0, 0],
  [0, 0, 0, 0, 0, 0, 0, 0, 0, 0, 0],
  [0, 0, 0, 0, 0, 0, 0, 0, 0, 0, 0],
  [0, 0, 0, 0, 0, 0, 0, 0, 0, 0, 0],
  [0, 0, 0, 0, 0, 0, 0, 0, 0, 0, 0],
  [0, 0, 0, 0, 0, 0, 0, 0, 0, 0, 0],
  [0, 0, 0, 0, 0, 0, 0, 0, 0, 0, 0],
  [0, 0, 0, 0, 0, 0, 0, 0, 0, 0, 0],
  [0, 0, 0, 0, 0, 0, 0, 0, 0, 0, 0],
  [0, 0, 0, 0, 0, 0, 0, 0, 0, 0, 0],
  [0, 0, 0, 0, 0, 0, 0, 0, 0, 0, 0]],
 [[0, 0, 0, 0, 0, 0, 0, 0, 0, 0, 0],
  [0, 0, 0, 0, 0, 0, 0, 0, 0, 0, 0],
  [0, 0, 0, 0, 0, 0, 0, 0, 0, 0, 0],
  [0, 0, 0, 0, 0, 0, 0, 0, 0, 0, 0],
  [0, 0, 0, 0, 0, 0, 0, 0, 0, 0, 0],
  [0, 0, 0, 0, 0, 0, 0, 0, 0, 0, 0],
  [0, 0, 0, 0, 0, 0, 0, 0, 0, 0, 0],
  [0, 0, 0, 0, 0, 0, 0, 0, 0, 0, 0],
  [0, 0, 0, 0, 0, 0, 0, 0, 0, 0, 0],
  [0, 0, 0, 0, 0, 0, 0, 0, 0, 0, 0],
  [0, 0, 0, 0, 0, 0, 0, 0, 0, 0, 0]],
 [[0, 0, 0, 0, 0, 0, 0, 0, 0, 0, 0],
  [0, 0, 0, 0, 0, 0, 0, 0, 0, 0, 0],
  [0, 0, 0, 0, 0, 0, 0, 0, 0, 0, 0],
  [0, 0, 0, 0, 0, 0, 0, 0, 0, 0, 0],
  [0, 0, 0, 0, 0, 0, 0, 0, 0, 0, 0],
  [0, 0, 0, 0, 0, 0, 0, 0, 0, 0, 0],
  [0, 0, 0, 0, 0, 0, 0, 0, 0, 0, 0],
  [0, 0, 0, 0, 0, 0, 0, 0, 0, 0, 0],
  [0, 0, 0, 0, 0, 0, 0, 0, 0, 0, 0],
  [0, 0, 0, 0, 0, 0, 0, 0, 0, 0, 0],
  [0, 0, 0, 0, 0, 0, 0, 0, 0, 0, 0]],
 [[0, 0, 0, 0, 0, 0, 0, 0, 0, 0, 0],
  [0, 0, 0, 0, 0, 0, 0, 0, 0, 0, 0],
  [0, 0, 0, 0, 0, 0, 0, 0, 0, 0, 0],
  [0, 0, 0, 0, 0, 0, 0, 0, 0, 0, 0],
  [0, 0, 0, 0, 0, 0, 0, 0, 0, 0, 0],
  [0, 0, 0, 0, 0, 0, 0, 0, 0, 0, 0],
  [0, 0, 0, 0, 0, 0, 0, 0, 0, 0, 0],
  [0, 0, 0, 0, 0, 0, 0, 0, 0, 0, 0],
  [0, 0, 0, 0, 0, 0, 0, 0, 0, 0, 0],
  [0, 0, 0, 0, 0, 0, 0, 0, 0, 0, 0],
  [0, 0, 0, 0, 0, 0, 0, 0, 0, 0, 0]],
 [[0, 0, 0, 0, 0, 0, 0, 0, 0, 0, 0],
  [0, 0, 0, 0, 0, 0, 0, 0, 0, 0, 0],
  [0, 0, 0, 0, 0, 0, 0, 0, 0, 0, 0],
  [0, 0, 0, 0, 0, 0, 0, 0, 0, 0, 0],
  [0, 0, 0, 0, 0, 0, 0, 0, 0, 0, 0],
  [0, 0, 0, 0, 0, 0, 0, 0, 0, 0, 0],
  [0, 0, 0, 0, 0, 0, 0, 0, 0, 0, 0],
  [0, 0, 0, 0, 0, 0, 0, 0, 0, 0, 0],
  [0, 0, 0, 0, 0, 0, 0, 0, 0, 0, 0],
  [0, 0, 0, 0, 0, 0, 0, 0, 0, 0, 0],
  [0, 0, 0, 0, 0, 0, 0, 0, 0, 0, 0]],
 [[0, 0, 0, 0, 0, 0, 0, 0, 0, 0, 0],
  [0, 0, 0, 0, 0, 0, 0, 0, 0, 0, 0],
  [0, 0, 0, 0, 0, 0, 0, 0, 0, 0, 0],
  [0, 0, 0, 0, 0, 0, 0, 0, 0, 0, 0],
  [0, 0, 0, 0, 0, 0, 0, 0, 0, 0, 0],
  [0, 0, 0, 0, 0, 0, 0, 0, 0, 0, 0],
  [0, 0, 0, 0, 0, 0, 0, 0, 0, 0, 0],
  [0, 0, 0, 0, 0, 0, 0, 0, 0, 0, 0],
  [0, 0, 0, 0, 0, 0, 0, 0, 0, 0, 0],
  [0, 0, 0, 0, 0, 0, 0, 0, 0, 0, 0],
  [0, 0, 0, 0, 0, 0, 0, 0, 0, 0, 0]]]
[[[0, 0, 0, 0, 0, 0, 0, 0, 0, 0, 0],
  [0, 0, 0, 0, 0, 0, 0, 0, 0, 0, 0],
  [0, 0, 0, 0, 0, 0, 0, 0, 0, 0, 0],
  [0, 0, 0, 0, 0, 0, 0, 0, 0, 0, 0],
  [0, 0, 0, 0, 0, 0, 0, 0, 0, 0, 0],
  [0, 0, 0, 0, 0, 0, 0, 0, 0, 0, 0],
  [0, 0, 0, 0, 0, 0, 0, 0, 0, 0, 0],
  [0, 0, 0, 0, 0, 0, 0, 0, 0, 0, 0],
  [0, 0, 0, 0, 0, 0, 0, 0, 0, 0, 0],
  [0, 0, 0, 0, 0, 0, 0, 0, 0, 0, 0],
  [0, 0, 0, 0, 0, 0, 0, 0, 0, 0, 0]],
 [[0, 0, 0, 0, 0, 0, 0, 0, 0, 0, 0],
  [0, 0, 0, 0, 0, 0, 0, 0, 0, 0, 0],
  [0, 0, 0, 0, 0, 0, 0, 0, 0, 0, 0],
  [0, 0, 0, 0, 0, 0, 0, 0, 0, 0, 0],
  [0, 0, 0, 0, 0, 0, 0, 0, 0, 0, 0],
  [0, 0, 0, 0, 0, 0, 0, 0, 0, 0, 0],
  [0, 0, 0, 0, 0, 0, 0, 0, 0, 0, 0],
  [0, 0, 0, 0, 0, 0, 0, 0, 0, 0, 0],
  [0, 0, 0, 0, 0, 0, 0, 0, 0, 0, 0],
  [0, 0, 0, 0, 0, 0, 0, 0, 0, 0, 0],
  [0, 0, 0, 0, 0, 0, 0, 0, 0, 0, 0]],
 [[0, 0, 0, 0, 0, 0, 0, 0, 0, 0, 0],
  [0, 0, 0, 0, 0, 0, 0, 0, 0, 0, 0],
  [0, 0, 0, 0, 0, 0, 0, 0, 0, 0, 0],
  [0, 0, 0, 0, 0, 0, 0, 0, 0, 0, 0],
  [0, 0, 0, 0, 0, 0, 0, 0, 0, 0, 0],
  [0, 0, 0, 0, 0, 0, 0, 0, 0, 0, 0],
  [0, 0, 0, 0, 0, 0, 0, 0, 0, 0, 0],
  [0, 0, 0, 0, 0, 0, 0, 0, 0, 0, 0],
  [0, 0, 0, 0, 0, 0, 0, 0, 0, 0, 0],
  [0, 0, 0, 0, 0, 0, 0, 0, 0, 0, 0],
  [0, 0, 0, 0, 0, 0, 0, 0, 0, 0, 0]],
 [[0, 0, 0, 0, 0, 0, 0, 0, 0, 0, 0],
  [0, 0, 0, 0, 0, 0, 0, 0, 0, 0, 0],
  [0, 0, 0, 0, 0, 0, 0, 0, 0, 0, 0],
  [0, 0, 0, 0, 0, 0, 0, 0, 0, 0, 0],
  [0, 0, 0, 0, 0, 0, 0, 0, 0, 0, 0],
  [0, 0, 0, 0, 0, 0, 0, 0, 0, 0, 0],
  [0, 0, 0, 0, 0, 0, 0, 0, 0, 0, 0],
  [0, 0, 0, 0, 0, 0, 0, 0, 0, 0, 0],
  [0, 0, 0, 0, 0, 0, 0, 0, 0, 0, 0],
  [0, 0, 0, 0, 0, 0, 0, 0, 0, 0, 0],
  [0, 0, 0, 0, 0, 0, 0, 0, 0, 0, 0]],
 [[0, 0, 0, 0, 0, 0, 0, 0, 0, 0, 0],
  [0, 0, 0, 0, 0, 0, 0, 0, 0, 0, 0],
  [0, 0, 0, 0, 0, 0, 0, 0, 0, 0, 0],
  [0, 0, 0, 0, 0, 0, 0, 0, 0, 0, 0],
  [0, 0, 0, 0, 0, 0, 0, 0, 0, 0, 0],
  [0, 0, 0, 0, 0, 0, 0, 0, 0, 0, 0],
  [0, 0, 0, 0, 0, 0, 0, 0, 0, 0, 0],
  [0, 0, 0, 0, 0, 0, 0, 0, 0, 0, 0],
  [0, 0, 0, 0, 0, 0, 0, 0, 0, 0, 0],
  [0, 0, 0, 0, 0, 0, 0, 0, 0, 0, 0],
  [0, 0, 0, 0, 0, 0, 0, 0, 0, 0, 0]],
 [[0, 0, 0, 0, 0, 0, 0, 0, 0, 0, 0],
  [0, 0, 0, 0, 0, 0, 0, 0, 0, 0, 0],
  [0, 0, 0, 0, 0, 0, 0, 0, 0, 0, 0],
  [0, 0, 0, 0, 0, 0, 0, 0, 0, 0, 0],
  [0, 0, 0, 0, 0, 0, 0, 0, 0, 0, 0],
  [0, 0, 0, 0, 0, 0, 0, 0, 0, 0, 0],
  [0, 0, 0, 0, 0, 0, 0, 0, 0, 0, 0],
  [0, 0, 0, 0, 0, 0, 0, 0, 0, 0, 0],
  [0, 0, 0, 0, 0, 0, 0, 0, 0, 0, 0],
  [0, 0, 0, 0, 0, 0, 0, 0, 0, 0, 0],
  [0, 0, 0, 0, 0, 0, 0, 0, 0, 0, 0]],
 [[0, 0, 0, 0, 0, 0, 0, 0, 0, 0, 0],
  [0, 0, 0, 0, 0, 0, 0, 0, 0, 0, 0],
  [0, 0, 0, 0, 0, 0, 0, 0, 0, 0, 0],
  [0, 0, 0, 0, 0, 0, 0, 0, 0, 0, 0],
  [0, 0, 0, 0, 0, 0, 0, 0, 0, 0, 0],
  [0, 0, 0, 0, 0, 0, 0, 0, 0, 0, 0],
  [0, 0, 0, 0, 0, 0, 0, 0, 0, 0, 0],
  [0, 0, 0, 0, 0, 0, 0, 0, 0, 0, 0],
  [0, 0, 0, 0, 0, 0, 0, 0, 0, 0, 0],
  [0, 0, 0, 0, 0, 0, 0, 0, 0, 0, 0],
  [0, 0, 0, 0, 0, 0, 0, 0, 0, 0, 0]],
 [[0, 0, 0, 0, 0, 0, 0, 0, 0, 0, 0],
  [0, 0, 0, 0, 0, 0, 0, 0, 0, 0, 0],
  [0, 0, 0, 0, 0, 0, 0, 0, 0, 0, 0],
  [0, 0, 0, 0, 0, 0, 0, 0, 0, 0, 0],
  [0, 0, 0, 0, 0, 0, 0, 0, 0, 0, 0],
  [0, 0, 0, 0, 0, 0, 0, 0, 0, 0, 0],
  [0, 0, 0, 0, 0, 0, 0, 0, 0, 0, 0],
  [0, 0, 0, 0, 0, 0, 0, 0, 0, 0, 0],
  [0, 0, 0, 0, 0, 0, 0, 0, 0, 0, 0],
  [0, 0, 0, 0, 0, 0, 0, 0, 0, 0, 0],
  [0, 0, 0, 0, 0, 0, 0, 0, 0, 0, 0]],
 [[0, 0, 0, 0, 0, 0, 0, 0, 0, 0, 0],
  [0, 0, 0, 0, 0, 0, 0, 0, 0, 0, 0],
  [0, 0, 0, 0, 0, 0, 0, 0, 0, 0, 0],
  [0, 0, 0, 0, 0, 0, 0, 0, 0, 0, 0],
  [0, 0, 0, 0, 0, 0, 0, 0, 0, 0, 0],
  [0, 0, 0, 0, 0, 0, 0, 0, 0, 0, 0],
  [0, 0, 0, 0, 0, 0, 0, 0, 0, 0, 0],
  [0, 0, 0, 0, 0, 0, 0, 0, 0, 0, 0],
  [0, 0, 0, 0, 0, 0, 0, 0, 0, 0, 0],
  [0, 0, 0, 0, 0, 0, 0, 0, 0, 0, 0],
  [0, 0, 0, 0, 0, 0, 0, 0, 0, 0, 0]],
 [[0, 0, 0, 0, 0, 0, 0, 0, 0, 0, 0],
  [0, 0, 0, 0, 0, 0, 0, 0, 0, 0, 0],
  [0, 0, 0, 0, 0, 0, 0, 0, 0, 0, 0],
  [0, 0, 0, 0, 0, 0, 0, 0, 0, 0, 0],
  [0, 0, 0, 0, 0, 0, 0, 0, 0, 0, 0],
  [0, 0, 0, 0, 0, 0, 0, 0, 0, 0, 0],
  [0, 0, 0, 0, 0, 0, 0, 0, 0, 0, 0],
  [0, 0, 0, 0, 0, 0, 0, 0, 0, 0, 0],
  [0, 0, 0, 0, 0, 0, 0, 0, 0, 0, 0],
  [0, 0, 0, 0, 0, 0, 0, 0, 0, 0, 0],
  [0, 0, 0, 0, 0, 0, 0, 0, 0, 0, 0]],
 [[0, 0, 0, 0, 0, 0, 0, 0, 0, 0, 0],
  [0, 0, 0, 0, 0, 0, 0, 0, 0, 0, 0],
  [0, 0, 0, 0, 0, 0, 0, 0, 0, 0, 0],
  [0, 0, 0, 0, 0, 0, 0, 0, 0, 0, 0],
  [0, 0, 0, 0, 0, 0, 0, 0, 0, 0, 0],
  [0, 0, 0, 0, 0, 0, 0, 0, 0, 0, 0],
  [0, 0, 0, 0, 0, 0, 0, 0, 0, 0, 0],
  [0, 0, 0, 0, 0, 0, 0, 0, 0, 0, 0],
  [0, 0, 0, 0, 0, 0, 0, 0, 0, 0, 0],
  [0, 0, 0, 0, 0, 0, 0, 0, 0, 0, 0],
  [0, 0, 0, 0, 0, 0, 0, 0, 0, 0, 0]],
 [[0, 0, 0, 0, 0, 0, 0, 0, 0, 0, 0],
  [0, 0, 0, 0, 0, 0, 0, 0, 0, 0, 0],
  [0, 0, 0, 0, 0, 0, 0, 0, 0, 0, 0],
  [0, 0, 0, 0, 0, 0, 0, 0, 0, 0, 0],
  [0, 0, 0, 0, 0, 0, 0, 0, 0, 0, 0],
  [0, 0, 0, 0, 0, 0, 0, 0, 0, 0, 0],
  [0, 0, 0, 0, 0, 0, 0, 0, 0, 0, 0],
  [0, 0, 0, 0, 0, 0, 0, 0, 0, 0, 0],
  [0, 0, 0, 0, 0, 0, 0, 0, 0, 0, 0],
  [0, 0, 0, 0, 0, 0, 0, 0, 0, 0, 0],
  [0, 0, 0, 0, 0, 0, 0, 0, 0, 0, 0]],
 [[0, 0, 0, 0, 0, 0, 0, 0, 0, 0, 0],
  [0, 0, 0, 0, 0, 0, 0, 0, 0, 0, 0],
  [0, 0, 0, 0, 0, 0, 0, 0, 0, 0, 0],
  [0, 0, 0, 0, 0, 0, 0, 0, 0, 0, 0],
  [0, 0, 0, 0, 0, 0, 0, 0, 0, 0, 0],
  [0, 0, 0, 0, 0, 0, 0, 0, 0, 0, 0],
  [0, 0, 0, 0, 0, 0, 0, 0, 0, 0, 0],
  [0, 0, 0, 0, 0, 0, 0, 0, 0, 0, 0],
  [0, 0, 0, 0, 0, 0, 0, 0, 0, 0, 0],
  [0, 0, 0, 0, 0, 0, 0, 0, 0, 0, 0],
  [0, 0, 0, 0, 0, 0, 0, 0, 0, 0, 0]]]
{'caminho': {(0, 1): 15.0,
             (1, 2): 15.0,
             (2, 3): 15.0,
             (2, 9): 10.0,
             (3, 4): 10.0,
             (3, 5): 10.0,
             (4, 7): 4.0,
             (4, 8): 5.0,
             (5, 10): 5.0,
             (8, 6): 8.0,
             (9, 10): 3.0},
 'distancia': [0, 15.0, 30.0, 45.0, 55.0, 55.0, 68.0, 59.0, 60.0, 40.0, 43.0],
 'fluxo': [0,
           500.5,
           1001.0,
           1501.5,
           2002.0,
           2002.0,
           3003.0,
           2502.5,
           2502.5,
           1501.5,
           2002.0]}
{'caminho': {(1, 2): 15.0,
             (2, 3): 15.0,
             (2, 9): 10.0,
             (3, 4): 10.0,
             (3, 5): 10.0,
             (4, 7): 4.0,
             (4, 8): 5.0,
             (5, 10): 5.0,
             (8, 6): 8.0,
             (9, 10): 3.0},
 'distancia': [inf, 0, 15.0, 30.0, 40.0, 40.0, 53.0, 44.0, 45.0, 25.0, 28.0],
 'fluxo': [inf,
           0,
           500.5,
           1001.0,
           1501.5,
           1501.5,
           2502.5,
           2002.0,
           2002.0,
           1001.0,
           1501.5]}
{'caminho': {(2, 3): 15.0,
             (2, 9): 10.0,
             (3, 4): 10.0,
             (3, 5): 10.0,
             (4, 7): 4.0,
             (4, 8): 5.0,
             (5, 10): 5.0,
             (8, 6): 8.0,
             (9, 10): 3.0},
 'distancia': [inf, inf, 0, 15.0, 25.0, 25.0, 38.0, 29.0, 30.0, 10.0, 13.0],
 'fluxo': [inf,
           inf,
           0,
           500.5,
           1001.0,
           1001.0,
           2002.0,
           1501.5,
           1501.5,
           500.5,
           1001.0]}
{'caminho': {(3, 4): 10.0,
             (3, 5): 10.0,
             (4, 7): 4.0,
             (4, 8): 5.0,
             (5, 9): 6.0,
             (5, 10): 5.0,
             (8, 6): 8.0},
 'distancia': [inf, inf, inf, 0, 10.0, 10.0, 23.0, 14.0, 15.0, 16.0, 15.0],
 'fluxo': [inf,
           inf,
           inf,
           0,
           500.5,
           500.5,
           1501.5,
           1001.0,
           1001.0,
           1001.0,
           1001.0]}
{'caminho': {(4, 7): 4.0, (4, 8): 5.0, (6, 10): 1.0, (7, 10): 2.0, (8, 6): 8.0},
 'distancia': [inf, inf, inf, inf, 0, inf, 13.0, 4.0, 5.0, inf, 6.0],
 'fluxo': [inf, inf, inf, inf, 0, inf, 1001.0, 500.5, 500.5, inf, 1001.0]}
{'caminho': {(5, 8): 5.0, (5, 9): 6.0, (5, 10): 5.0, (8, 6): 8.0},
 'distancia': [inf, inf, inf, inf, inf, 0, 13.0, inf, 5.0, 6.0, 5.0],
 'fluxo': [inf, inf, inf, inf, inf, 0, 1001.0, inf, 500.5, 500.5, 500.5]}
{'caminho': {(6, 10): 1.0},
 'distancia': [inf, inf, inf, inf, inf, inf, 0, inf, inf, inf, 1.0],
 'fluxo': [inf, inf, inf, inf, inf, inf, 0, inf, inf, inf, 500.5]}
{'caminho': {(7, 8): 4.0, (7, 10): 2.0, (8, 6): 8.0},
 'distancia': [inf, inf, inf, inf, inf, inf, 12.0, 0, 4.0, inf, 2.0],
 'fluxo': [inf, inf, inf, inf, inf, inf, 1001.0, 0, 500.5, inf, 500.5]}
{'caminho': {(6, 10): 1.0, (8, 6): 8.0, (8, 10): 5.0},
 'distancia': [inf, inf, inf, inf, inf, inf, 8.0, inf, 0, inf, 5.0],
 'fluxo': [inf, inf, inf, inf, inf, inf, 500.5, inf, 0, inf, 500.5]}
{'caminho': {(9, 10): 3.0},
 'distancia': [inf, inf, inf, inf, inf, inf, inf, inf, inf, 0, 3.0],
 'fluxo': [inf, inf, inf, inf, inf, inf, inf, inf, inf, 0, 500.5]}
{'caminho': {},
 'distancia': [inf, inf, inf, inf, inf, inf, inf, inf, inf, inf, 0],
 'fluxo': [inf, inf, inf, inf, inf, inf, inf, inf, inf, inf, 0]}
{'caminho': {(0, 1): 15.0,
             (1, 2): 15.0,
             (2, 3): 15.0,
             (2, 9): 10.0,
             (3, 4): 10.0,
             (3, 5): 10.0,
             (4, 7): 4.0,
             (4, 8): 5.0,
             (5, 10): 5.0,
             (8, 6): 8.0,
             (9, 10): 3.0},
 'distancia': [0, 15.0, 30.0, 45.0, 55.0, 55.0, 68.0, 59.0, 60.0, 40.0, 43.0],
 'fluxo': [0,
           500.5,
           1001.0,
           1501.5,
           2002.0,
           2002.0,
           3003.0,
           2502.5,
           2502.5,
           1501.5,
           2002.0]}
{'caminho': {(1, 2): 15.0,
             (2, 3): 15.0,
             (2, 9): 10.0,
             (3, 4): 10.0,
             (3, 5): 10.0,
             (4, 7): 4.0,
             (4, 8): 5.0,
             (5, 10): 5.0,
             (8, 6): 8.0,
             (9, 10): 3.0},
 'distancia': [inf, 0, 15.0, 30.0, 40.0, 40.0, 53.0, 44.0, 45.0, 25.0, 28.0],
 'fluxo': [inf,
           0,
           500.5,
           1001.0,
           1501.5,
           1501.5,
           2502.5,
           2002.0,
           2002.0,
           1001.0,
           1501.5]}
{'caminho': {(2, 3): 15.0,
             (2, 9): 10.0,
             (3, 4): 10.0,
             (3, 5): 10.0,
             (4, 7): 4.0,
             (4, 8): 5.0,
             (5, 10): 5.0,
             (8, 6): 8.0,
             (9, 10): 3.0},
 'distancia': [inf, inf, 0, 15.0, 25.0, 25.0, 38.0, 29.0, 30.0, 10.0, 13.0],
 'fluxo': [inf,
           inf,
           0,
           500.5,
           1001.0,
           1001.0,
           2002.0,
           1501.5,
           1501.5,
           500.5,
           1001.0]}
{'caminho': {(3, 4): 10.0,
             (3, 5): 10.0,
             (4, 7): 4.0,
             (4, 8): 5.0,
             (5, 9): 6.0,
             (5, 10): 5.0,
             (8, 6): 8.0},
 'distancia': [inf, inf, inf, 0, 10.0, 10.0, 23.0, 14.0, 15.0, 16.0, 15.0],
 'fluxo': [inf,
           inf,
           inf,
           0,
           500.5,
           500.5,
           1501.5,
           1001.0,
           1001.0,
           1001.0,
           1001.0]}
{'caminho': {(4, 7): 4.0, (4, 8): 5.0, (6, 10): 1.0, (7, 10): 2.0, (8, 6): 8.0},
 'distancia': [inf, inf, inf, inf, 0, inf, 13.0, 4.0, 5.0, inf, 6.0],
 'fluxo': [inf, inf, inf, inf, 0, inf, 1001.0, 500.5, 500.5, inf, 1001.0]}
{'caminho': {(5, 8): 5.0, (5, 9): 6.0, (5, 10): 5.0, (8, 6): 8.0},
 'distancia': [inf, inf, inf, inf, inf, 0, 13.0, inf, 5.0, 6.0, 5.0],
 'fluxo': [inf, inf, inf, inf, inf, 0, 1001.0, inf, 500.5, 500.5, 500.5]}
{'caminho': {(6, 10): 1.0},
 'distancia': [inf, inf, inf, inf, inf, inf, 0, inf, inf, inf, 1.0],
 'fluxo': [inf, inf, inf, inf, inf, inf, 0, inf, inf, inf, 500.5]}
{'caminho': {(7, 8): 4.0, (7, 10): 2.0, (8, 6): 8.0},
 'distancia': [inf, inf, inf, inf, inf, inf, 12.0, 0, 4.0, inf, 2.0],
 'fluxo': [inf, inf, inf, inf, inf, inf, 1001.0, 0, 500.5, inf, 500.5]}
{'caminho': {(6, 10): 1.0, (8, 6): 8.0, (8, 10): 5.0},
 'distancia': [inf, inf, inf, inf, inf, inf, 8.0, inf, 0, inf, 5.0],
 'fluxo': [inf, inf, inf, inf, inf, inf, 500.5, inf, 0, inf, 500.5]}
{'caminho': {(9, 10): 3.0},
 'distancia': [inf, inf, inf, inf, inf, inf, inf, inf, inf, 0, 3.0],
 'fluxo': [inf, inf, inf, inf, inf, inf, inf, inf, inf, 0, 500.5]}
{'caminho': {},
 'distancia': [inf, inf, inf, inf, inf, inf, inf, inf, inf, inf, 0],
 'fluxo': [inf, inf, inf, inf, inf, inf, inf, inf, inf, inf, 0]}
{'caminho': {(0, 1): 15.0,
             (1, 2): 15.0,
             (2, 3): 15.0,
             (2, 9): 10.0,
             (3, 4): 10.0,
             (3, 5): 10.0,
             (4, 7): 4.0,
             (4, 8): 5.0,
             (5, 10): 5.0,
             (8, 6): 8.0,
             (9, 10): 3.0},
 'distancia': [0, 15.0, 30.0, 45.0, 55.0, 55.0, 68.0, 59.0, 60.0, 40.0, 43.0],
 'fluxo': [0,
           200.5,
           401.0,
           601.5,
           802.0,
           802.0,
           1203.0,
           1002.5,
           1002.5,
           601.5,
           802.0]}
{'caminho': {(1, 2): 15.0,
             (2, 3): 15.0,
             (2, 9): 10.0,
             (3, 4): 10.0,
             (3, 5): 10.0,
             (4, 7): 4.0,
             (4, 8): 5.0,
             (5, 10): 5.0,
             (8, 6): 8.0,
             (9, 10): 3.0},
 'distancia': [inf, 0, 15.0, 30.0, 40.0, 40.0, 53.0, 44.0, 45.0, 25.0, 28.0],
 'fluxo': [inf,
           0,
           200.5,
           401.0,
           601.5,
           601.5,
           1002.5,
           802.0,
           802.0,
           401.0,
           601.5]}
{'caminho': {(2, 3): 15.0,
             (2, 9): 10.0,
             (3, 4): 10.0,
             (3, 5): 10.0,
             (4, 7): 4.0,
             (4, 8): 5.0,
             (5, 10): 5.0,
             (8, 6): 8.0,
             (9, 10): 3.0},
 'distancia': [inf, inf, 0, 15.0, 25.0, 25.0, 38.0, 29.0, 30.0, 10.0, 13.0],
 'fluxo': [inf, inf, 0, 200.5, 401.0, 401.0, 802.0, 601.5, 601.5, 200.5, 401.0]}
{'caminho': {(3, 4): 10.0,
             (3, 5): 10.0,
             (4, 7): 4.0,
             (4, 8): 5.0,
             (5, 9): 6.0,
             (5, 10): 5.0,
             (8, 6): 8.0},
 'distancia': [inf, inf, inf, 0, 10.0, 10.0, 23.0, 14.0, 15.0, 16.0, 15.0],
 'fluxo': [inf, inf, inf, 0, 200.5, 200.5, 601.5, 401.0, 401.0, 401.0, 401.0]}
{'caminho': {(4, 7): 4.0, (4, 8): 5.0, (6, 10): 1.0, (7, 10): 2.0, (8, 6): 8.0},
 'distancia': [inf, inf, inf, inf, 0, inf, 13.0, 4.0, 5.0, inf, 6.0],
 'fluxo': [inf, inf, inf, inf, 0, inf, 401.0, 200.5, 200.5, inf, 401.0]}
{'caminho': {(5, 8): 5.0, (5, 9): 6.0, (5, 10): 5.0, (8, 6): 8.0},
 'distancia': [inf, inf, inf, inf, inf, 0, 13.0, inf, 5.0, 6.0, 5.0],
 'fluxo': [inf, inf, inf, inf, inf, 0, 401.0, inf, 200.5, 200.5, 200.5]}
{'caminho': {(6, 10): 1.0},
 'distancia': [inf, inf, inf, inf, inf, inf, 0, inf, inf, inf, 1.0],
 'fluxo': [inf, inf, inf, inf, inf, inf, 0, inf, inf, inf, 200.5]}
{'caminho': {(7, 8): 4.0, (7, 10): 2.0, (8, 6): 8.0},
 'distancia': [inf, inf, inf, inf, inf, inf, 12.0, 0, 4.0, inf, 2.0],
 'fluxo': [inf, inf, inf, inf, inf, inf, 401.0, 0, 200.5, inf, 200.5]}
{'caminho': {(6, 10): 1.0, (8, 6): 8.0, (8, 10): 5.0},
 'distancia': [inf, inf, inf, inf, inf, inf, 8.0, inf, 0, inf, 5.0],
 'fluxo': [inf, inf, inf, inf, inf, inf, 200.5, inf, 0, inf, 200.5]}
{'caminho': {(9, 10): 3.0},
 'distancia': [inf, inf, inf, inf, inf, inf, inf, inf, inf, 0, 3.0],
 'fluxo': [inf, inf, inf, inf, inf, inf, inf, inf, inf, 0, 200.5]}
{'caminho': {},
 'distancia': [inf, inf, inf, inf, inf, inf, inf, inf, inf, inf, 0],
 'fluxo': [inf, inf, inf, inf, inf, inf, inf, inf, inf, inf, 0]}
{'caminho': {(0, 1): 15.0,
             (1, 2): 15.0,
             (2, 3): 15.0,
             (2, 9): 10.0,
             (3, 4): 10.0,
             (3, 5): 10.0,
             (4, 7): 4.0,
             (4, 8): 5.0,
             (5, 10): 5.0,
             (8, 6): 8.0,
             (9, 10): 3.0},
 'distancia': [0, 15.0, 30.0, 45.0, 55.0, 55.0, 68.0, 59.0, 60.0, 40.0, 43.0],
 'fluxo': [0,
           200.5,
           401.0,
           601.5,
           802.0,
           802.0,
           1203.0,
           1002.5,
           1002.5,
           601.5,
           802.0]}
{'caminho': {(1, 2): 15.0,
             (2, 3): 15.0,
             (2, 9): 10.0,
             (3, 4): 10.0,
             (3, 5): 10.0,
             (4, 7): 4.0,
             (4, 8): 5.0,
             (5, 10): 5.0,
             (8, 6): 8.0,
             (9, 10): 3.0},
 'distancia': [inf, 0, 15.0, 30.0, 40.0, 40.0, 53.0, 44.0, 45.0, 25.0, 28.0],
 'fluxo': [inf,
           0,
           200.5,
           401.0,
           601.5,
           601.5,
           1002.5,
           802.0,
           802.0,
           401.0,
           601.5]}
{'caminho': {(2, 3): 15.0,
             (2, 9): 10.0,
             (3, 4): 10.0,
             (3, 5): 10.0,
             (4, 7): 4.0,
             (4, 8): 5.0,
             (5, 10): 5.0,
             (8, 6): 8.0,
             (9, 10): 3.0},
 'distancia': [inf, inf, 0, 15.0, 25.0, 25.0, 38.0, 29.0, 30.0, 10.0, 13.0],
 'fluxo': [inf, inf, 0, 200.5, 401.0, 401.0, 802.0, 601.5, 601.5, 200.5, 401.0]}
{'caminho': {(3, 4): 10.0,
             (3, 5): 10.0,
             (4, 7): 4.0,
             (4, 8): 5.0,
             (5, 9): 6.0,
             (5, 10): 5.0,
             (8, 6): 8.0},
 'distancia': [inf, inf, inf, 0, 10.0, 10.0, 23.0, 14.0, 15.0, 16.0, 15.0],
 'fluxo': [inf, inf, inf, 0, 200.5, 200.5, 601.5, 401.0, 401.0, 401.0, 401.0]}
{'caminho': {(4, 7): 4.0, (4, 8): 5.0, (6, 10): 1.0, (7, 10): 2.0, (8, 6): 8.0},
 'distancia': [inf, inf, inf, inf, 0, inf, 13.0, 4.0, 5.0, inf, 6.0],
 'fluxo': [inf, inf, inf, inf, 0, inf, 401.0, 200.5, 200.5, inf, 401.0]}
{'caminho': {(5, 8): 5.0, (5, 9): 6.0, (5, 10): 5.0, (8, 6): 8.0},
 'distancia': [inf, inf, inf, inf, inf, 0, 13.0, inf, 5.0, 6.0, 5.0],
 'fluxo': [inf, inf, inf, inf, inf, 0, 401.0, inf, 200.5, 200.5, 200.5]}
{'caminho': {(6, 10): 1.0},
 'distancia': [inf, inf, inf, inf, inf, inf, 0, inf, inf, inf, 1.0],
 'fluxo': [inf, inf, inf, inf, inf, inf, 0, inf, inf, inf, 200.5]}
{'caminho': {(7, 8): 4.0, (7, 10): 2.0, (8, 6): 8.0},
 'distancia': [inf, inf, inf, inf, inf, inf, 12.0, 0, 4.0, inf, 2.0],
 'fluxo': [inf, inf, inf, inf, inf, inf, 401.0, 0, 200.5, inf, 200.5]}
{'caminho': {(6, 10): 1.0, (8, 6): 8.0, (8, 10): 5.0},
 'distancia': [inf, inf, inf, inf, inf, inf, 8.0, inf, 0, inf, 5.0],
 'fluxo': [inf, inf, inf, inf, inf, inf, 200.5, inf, 0, inf, 200.5]}
{'caminho': {(9, 10): 3.0},
 'distancia': [inf, inf, inf, inf, inf, inf, inf, inf, inf, 0, 3.0],
 'fluxo': [inf, inf, inf, inf, inf, inf, inf, inf, inf, 0, 200.5]}
{'caminho': {},
 'distancia': [inf, inf, inf, inf, inf, inf, inf, inf, inf, inf, 0],
 'fluxo': [inf, inf, inf, inf, inf, inf, inf, inf, inf, inf, 0]}
{'caminho': {(0, 1): 15.0,
             (1, 2): 15.0,
             (2, 3): 15.0,
             (2, 9): 10.0,
             (3, 4): 10.0,
             (3, 5): 10.0,
             (4, 7): 4.0,
             (4, 8): 5.0,
             (5, 10): 5.0,
             (8, 6): 8.0,
             (9, 10): 3.0},
 'distancia': [0, 15.0, 30.0, 45.0, 55.0, 55.0, 68.0, 59.0, 60.0, 40.0, 43.0],
 'fluxo': [0,
           75.5,
           151.0,
           226.5,
           302.0,
           302.0,
           453.0,
           377.5,
           377.5,
           226.5,
           302.0]}
{'caminho': {(1, 2): 15.0,
             (2, 3): 15.0,
             (2, 9): 10.0,
             (3, 4): 10.0,
             (3, 5): 10.0,
             (4, 7): 4.0,
             (4, 8): 5.0,
             (5, 10): 5.0,
             (8, 6): 8.0,
             (9, 10): 3.0},
 'distancia': [inf, 0, 15.0, 30.0, 40.0, 40.0, 53.0, 44.0, 45.0, 25.0, 28.0],
 'fluxo': [inf,
           0,
           75.5,
           151.0,
           226.5,
           226.5,
           377.5,
           302.0,
           302.0,
           151.0,
           226.5]}
{'caminho': {(2, 3): 15.0,
             (2, 9): 10.0,
             (3, 4): 10.0,
             (3, 5): 10.0,
             (4, 7): 4.0,
             (4, 8): 5.0,
             (5, 10): 5.0,
             (8, 6): 8.0,
             (9, 10): 3.0},
 'distancia': [inf, inf, 0, 15.0, 25.0, 25.0, 38.0, 29.0, 30.0, 10.0, 13.0],
 'fluxo': [inf, inf, 0, 75.5, 151.0, 151.0, 302.0, 226.5, 226.5, 75.5, 151.0]}
{'caminho': {(3, 4): 10.0,
             (3, 5): 10.0,
             (4, 7): 4.0,
             (4, 8): 5.0,
             (5, 9): 6.0,
             (5, 10): 5.0,
             (8, 6): 8.0},
 'distancia': [inf, inf, inf, 0, 10.0, 10.0, 23.0, 14.0, 15.0, 16.0, 15.0],
 'fluxo': [inf, inf, inf, 0, 75.5, 75.5, 226.5, 151.0, 151.0, 151.0, 151.0]}
{'caminho': {(4, 7): 4.0, (4, 8): 5.0, (6, 10): 1.0, (7, 10): 2.0, (8, 6): 8.0},
 'distancia': [inf, inf, inf, inf, 0, inf, 13.0, 4.0, 5.0, inf, 6.0],
 'fluxo': [inf, inf, inf, inf, 0, inf, 151.0, 75.5, 75.5, inf, 151.0]}
{'caminho': {(5, 8): 5.0, (5, 9): 6.0, (5, 10): 5.0, (8, 6): 8.0},
 'distancia': [inf, inf, inf, inf, inf, 0, 13.0, inf, 5.0, 6.0, 5.0],
 'fluxo': [inf, inf, inf, inf, inf, 0, 151.0, inf, 75.5, 75.5, 75.5]}
{'caminho': {(6, 10): 1.0},
 'distancia': [inf, inf, inf, inf, inf, inf, 0, inf, inf, inf, 1.0],
 'fluxo': [inf, inf, inf, inf, inf, inf, 0, inf, inf, inf, 75.5]}
{'caminho': {(7, 8): 4.0, (7, 10): 2.0, (8, 6): 8.0},
 'distancia': [inf, inf, inf, inf, inf, inf, 12.0, 0, 4.0, inf, 2.0],
 'fluxo': [inf, inf, inf, inf, inf, inf, 151.0, 0, 75.5, inf, 75.5]}
{'caminho': {(6, 10): 1.0, (8, 6): 8.0, (8, 10): 5.0},
 'distancia': [inf, inf, inf, inf, inf, inf, 8.0, inf, 0, inf, 5.0],
 'fluxo': [inf, inf, inf, inf, inf, inf, 75.5, inf, 0, inf, 75.5]}
{'caminho': {(9, 10): 3.0},
 'distancia': [inf, inf, inf, inf, inf, inf, inf, inf, inf, 0, 3.0],
 'fluxo': [inf, inf, inf, inf, inf, inf, inf, inf, inf, 0, 75.5]}
{'caminho': {},
 'distancia': [inf, inf, inf, inf, inf, inf, inf, inf, inf, inf, 0],
 'fluxo': [inf, inf, inf, inf, inf, inf, inf, inf, inf, inf, 0]}
{'caminho': {(0, 1): 15.0,
             (1, 2): 15.0,
             (2, 3): 15.0,
             (2, 9): 10.0,
             (3, 4): 10.0,
             (3, 5): 10.0,
             (4, 7): 4.0,
             (4, 8): 5.0,
             (5, 10): 5.0,
             (8, 6): 8.0,
             (9, 10): 3.0},
 'distancia': [0, 15.0, 30.0, 45.0, 55.0, 55.0, 68.0, 59.0, 60.0, 40.0, 43.0],
 'fluxo': [0,
           75.5,
           151.0,
           226.5,
           302.0,
           302.0,
           453.0,
           377.5,
           377.5,
           226.5,
           302.0]}
{'caminho': {(1, 2): 15.0,
             (2, 3): 15.0,
             (2, 9): 10.0,
             (3, 4): 10.0,
             (3, 5): 10.0,
             (4, 7): 4.0,
             (4, 8): 5.0,
             (5, 10): 5.0,
             (8, 6): 8.0,
             (9, 10): 3.0},
 'distancia': [inf, 0, 15.0, 30.0, 40.0, 40.0, 53.0, 44.0, 45.0, 25.0, 28.0],
 'fluxo': [inf,
           0,
           75.5,
           151.0,
           226.5,
           226.5,
           377.5,
           302.0,
           302.0,
           151.0,
           226.5]}
{'caminho': {(2, 3): 15.0,
             (2, 9): 10.0,
             (3, 4): 10.0,
             (3, 5): 10.0,
             (4, 7): 4.0,
             (4, 8): 5.0,
             (5, 10): 5.0,
             (8, 6): 8.0,
             (9, 10): 3.0},
 'distancia': [inf, inf, 0, 15.0, 25.0, 25.0, 38.0, 29.0, 30.0, 10.0, 13.0],
 'fluxo': [inf, inf, 0, 75.5, 151.0, 151.0, 302.0, 226.5, 226.5, 75.5, 151.0]}
{'caminho': {(3, 4): 10.0,
             (3, 5): 10.0,
             (4, 7): 4.0,
             (4, 8): 5.0,
             (5, 9): 6.0,
             (5, 10): 5.0,
             (8, 6): 8.0},
 'distancia': [inf, inf, inf, 0, 10.0, 10.0, 23.0, 14.0, 15.0, 16.0, 15.0],
 'fluxo': [inf, inf, inf, 0, 75.5, 75.5, 226.5, 151.0, 151.0, 151.0, 151.0]}
{'caminho': {(4, 7): 4.0, (4, 8): 5.0, (6, 10): 1.0, (7, 10): 2.0, (8, 6): 8.0},
 'distancia': [inf, inf, inf, inf, 0, inf, 13.0, 4.0, 5.0, inf, 6.0],
 'fluxo': [inf, inf, inf, inf, 0, inf, 151.0, 75.5, 75.5, inf, 151.0]}
{'caminho': {(5, 8): 5.0, (5, 9): 6.0, (5, 10): 5.0, (8, 6): 8.0},
 'distancia': [inf, inf, inf, inf, inf, 0, 13.0, inf, 5.0, 6.0, 5.0],
 'fluxo': [inf, inf, inf, inf, inf, 0, 151.0, inf, 75.5, 75.5, 75.5]}
{'caminho': {(6, 10): 1.0},
 'distancia': [inf, inf, inf, inf, inf, inf, 0, inf, inf, inf, 1.0],
 'fluxo': [inf, inf, inf, inf, inf, inf, 0, inf, inf, inf, 75.5]}
{'caminho': {(7, 8): 4.0, (7, 10): 2.0, (8, 6): 8.0},
 'distancia': [inf, inf, inf, inf, inf, inf, 12.0, 0, 4.0, inf, 2.0],
 'fluxo': [inf, inf, inf, inf, inf, inf, 151.0, 0, 75.5, inf, 75.5]}
{'caminho': {(6, 10): 1.0, (8, 6): 8.0, (8, 10): 5.0},
 'distancia': [inf, inf, inf, inf, inf, inf, 8.0, inf, 0, inf, 5.0],
 'fluxo': [inf, inf, inf, inf, inf, inf, 75.5, inf, 0, inf, 75.5]}
{'caminho': {(9, 10): 3.0},
 'distancia': [inf, inf, inf, inf, inf, inf, inf, inf, inf, 0, 3.0],
 'fluxo': [inf, inf, inf, inf, inf, inf, inf, inf, inf, 0, 75.5]}
{'caminho': {},
 'distancia': [inf, inf, inf, inf, inf, inf, inf, inf, inf, inf, 0],
 'fluxo': [inf, inf, inf, inf, inf, inf, inf, inf, inf, inf, 0]}
{'caminho': {(0, 1): 15.0,
             (1, 2): 15.0,
             (2, 3): 15.0,
             (2, 9): 10.0,
             (3, 4): 10.0,
             (3, 5): 10.0,
             (4, 7): 4.0,
             (4, 8): 5.0,
             (5, 10): 5.0,
             (8, 6): 8.0,
             (9, 10): 3.0},
 'distancia': [0, 15.0, 30.0, 45.0, 55.0, 55.0, 68.0, 59.0, 60.0, 40.0, 43.0],
 'fluxo': [0,
           75.5,
           151.0,
           226.5,
           302.0,
           302.0,
           453.0,
           377.5,
           377.5,
           226.5,
           302.0]}
{'caminho': {(1, 2): 15.0,
             (2, 3): 15.0,
             (2, 9): 10.0,
             (3, 4): 10.0,
             (3, 5): 10.0,
             (4, 7): 4.0,
             (4, 8): 5.0,
             (5, 10): 5.0,
             (8, 6): 8.0,
             (9, 10): 3.0},
 'distancia': [inf, 0, 15.0, 30.0, 40.0, 40.0, 53.0, 44.0, 45.0, 25.0, 28.0],
 'fluxo': [inf,
           0,
           75.5,
           151.0,
           226.5,
           226.5,
           377.5,
           302.0,
           302.0,
           151.0,
           226.5]}
{'caminho': {(2, 3): 15.0,
             (2, 9): 10.0,
             (3, 4): 10.0,
             (3, 5): 10.0,
             (4, 7): 4.0,
             (4, 8): 5.0,
             (5, 10): 5.0,
             (8, 6): 8.0,
             (9, 10): 3.0},
 'distancia': [inf, inf, 0, 15.0, 25.0, 25.0, 38.0, 29.0, 30.0, 10.0, 13.0],
 'fluxo': [inf, inf, 0, 75.5, 151.0, 151.0, 302.0, 226.5, 226.5, 75.5, 151.0]}
{'caminho': {(3, 4): 10.0,
             (3, 5): 10.0,
             (4, 7): 4.0,
             (4, 8): 5.0,
             (5, 9): 6.0,
             (5, 10): 5.0,
             (8, 6): 8.0},
 'distancia': [inf, inf, inf, 0, 10.0, 10.0, 23.0, 14.0, 15.0, 16.0, 15.0],
 'fluxo': [inf, inf, inf, 0, 75.5, 75.5, 226.5, 151.0, 151.0, 151.0, 151.0]}
{'caminho': {(4, 7): 4.0, (4, 8): 5.0, (6, 10): 1.0, (7, 10): 2.0, (8, 6): 8.0},
 'distancia': [inf, inf, inf, inf, 0, inf, 13.0, 4.0, 5.0, inf, 6.0],
 'fluxo': [inf, inf, inf, inf, 0, inf, 151.0, 75.5, 75.5, inf, 151.0]}
{'caminho': {(5, 8): 5.0, (5, 9): 6.0, (5, 10): 5.0, (8, 6): 8.0},
 'distancia': [inf, inf, inf, inf, inf, 0, 13.0, inf, 5.0, 6.0, 5.0],
 'fluxo': [inf, inf, inf, inf, inf, 0, 151.0, inf, 75.5, 75.5, 75.5]}
{'caminho': {(6, 10): 1.0},
 'distancia': [inf, inf, inf, inf, inf, inf, 0, inf, inf, inf, 1.0],
 'fluxo': [inf, inf, inf, inf, inf, inf, 0, inf, inf, inf, 75.5]}
{'caminho': {(7, 8): 4.0, (7, 10): 2.0, (8, 6): 8.0},
 'distancia': [inf, inf, inf, inf, inf, inf, 12.0, 0, 4.0, inf, 2.0],
 'fluxo': [inf, inf, inf, inf, inf, inf, 151.0, 0, 75.5, inf, 75.5]}
{'caminho': {(6, 10): 1.0, (8, 6): 8.0, (8, 10): 5.0},
 'distancia': [inf, inf, inf, inf, inf, inf, 8.0, inf, 0, inf, 5.0],
 'fluxo': [inf, inf, inf, inf, inf, inf, 75.5, inf, 0, inf, 75.5]}
{'caminho': {(9, 10): 3.0},
 'distancia': [inf, inf, inf, inf, inf, inf, inf, inf, inf, 0, 3.0],
 'fluxo': [inf, inf, inf, inf, inf, inf, inf, inf, inf, 0, 75.5]}
{'caminho': {},
 'distancia': [inf, inf, inf, inf, inf, inf, inf, inf, inf, inf, 0],
 'fluxo': [inf, inf, inf, inf, inf, inf, inf, inf, inf, inf, 0]}
{'caminho': {(0, 1): 15.0,
             (1, 2): 15.0,
             (2, 3): 15.0,
             (2, 9): 10.0,
             (3, 4): 10.0,
             (3, 5): 10.0,
             (4, 7): 4.0,
             (4, 8): 5.0,
             (5, 10): 5.0,
             (8, 6): 8.0,
             (9, 10): 3.0},
 'distancia': [0, 15.0, 30.0, 45.0, 55.0, 55.0, 68.0, 59.0, 60.0, 40.0, 43.0],
 'fluxo': [0, 10.5, 21.0, 31.5, 42.0, 42.0, 63.0, 52.5, 52.5, 31.5, 42.0]}
{'caminho': {(1, 2): 15.0,
             (2, 3): 15.0,
             (2, 9): 10.0,
             (3, 4): 10.0,
             (3, 5): 10.0,
             (4, 7): 4.0,
             (4, 8): 5.0,
             (5, 10): 5.0,
             (8, 6): 8.0,
             (9, 10): 3.0},
 'distancia': [inf, 0, 15.0, 30.0, 40.0, 40.0, 53.0, 44.0, 45.0, 25.0, 28.0],
 'fluxo': [inf, 0, 10.5, 21.0, 31.5, 31.5, 52.5, 42.0, 42.0, 21.0, 31.5]}
{'caminho': {(2, 3): 15.0,
             (2, 9): 10.0,
             (3, 4): 10.0,
             (3, 5): 10.0,
             (4, 7): 4.0,
             (4, 8): 5.0,
             (5, 10): 5.0,
             (8, 6): 8.0,
             (9, 10): 3.0},
 'distancia': [inf, inf, 0, 15.0, 25.0, 25.0, 38.0, 29.0, 30.0, 10.0, 13.0],
 'fluxo': [inf, inf, 0, 10.5, 21.0, 21.0, 42.0, 31.5, 31.5, 10.5, 21.0]}
{'caminho': {(3, 4): 10.0,
             (3, 5): 10.0,
             (4, 7): 4.0,
             (4, 8): 5.0,
             (5, 9): 6.0,
             (5, 10): 5.0,
             (8, 6): 8.0},
 'distancia': [inf, inf, inf, 0, 10.0, 10.0, 23.0, 14.0, 15.0, 16.0, 15.0],
 'fluxo': [inf, inf, inf, 0, 10.5, 10.5, 31.5, 21.0, 21.0, 21.0, 21.0]}
{'caminho': {(4, 7): 4.0, (4, 8): 5.0, (6, 10): 1.0, (7, 10): 2.0, (8, 6): 8.0},
 'distancia': [inf, inf, inf, inf, 0, inf, 13.0, 4.0, 5.0, inf, 6.0],
 'fluxo': [inf, inf, inf, inf, 0, inf, 21.0, 10.5, 10.5, inf, 21.0]}
{'caminho': {(5, 8): 5.0, (5, 9): 6.0, (5, 10): 5.0, (8, 6): 8.0},
 'distancia': [inf, inf, inf, inf, inf, 0, 13.0, inf, 5.0, 6.0, 5.0],
 'fluxo': [inf, inf, inf, inf, inf, 0, 21.0, inf, 10.5, 10.5, 10.5]}
{'caminho': {(6, 10): 1.0},
 'distancia': [inf, inf, inf, inf, inf, inf, 0, inf, inf, inf, 1.0],
 'fluxo': [inf, inf, inf, inf, inf, inf, 0, inf, inf, inf, 10.5]}
{'caminho': {(7, 8): 4.0, (7, 10): 2.0, (8, 6): 8.0},
 'distancia': [inf, inf, inf, inf, inf, inf, 12.0, 0, 4.0, inf, 2.0],
 'fluxo': [inf, inf, inf, inf, inf, inf, 21.0, 0, 10.5, inf, 10.5]}
{'caminho': {(6, 10): 1.0, (8, 6): 8.0, (8, 10): 5.0},
 'distancia': [inf, inf, inf, inf, inf, inf, 8.0, inf, 0, inf, 5.0],
 'fluxo': [inf, inf, inf, inf, inf, inf, 10.5, inf, 0, inf, 10.5]}
{'caminho': {(9, 10): 3.0},
 'distancia': [inf, inf, inf, inf, inf, inf, inf, inf, inf, 0, 3.0],
 'fluxo': [inf, inf, inf, inf, inf, inf, inf, inf, inf, 0, 10.5]}
{'caminho': {},
 'distancia': [inf, inf, inf, inf, inf, inf, inf, inf, inf, inf, 0],
 'fluxo': [inf, inf, inf, inf, inf, inf, inf, inf, inf, inf, 0]}
{'caminho': {(0, 1): 15.0,
             (1, 2): 15.0,
             (2, 3): 15.0,
             (2, 9): 10.0,
             (3, 4): 10.0,
             (3, 5): 10.0,
             (4, 7): 4.0,
             (4, 8): 5.0,
             (5, 10): 5.0,
             (8, 6): 8.0,
             (9, 10): 3.0},
 'distancia': [0, 15.0, 30.0, 45.0, 55.0, 55.0, 68.0, 59.0, 60.0, 40.0, 43.0],
 'fluxo': [0, 10.5, 21.0, 31.5, 42.0, 42.0, 63.0, 52.5, 52.5, 31.5, 42.0]}
{'caminho': {(1, 2): 15.0,
             (2, 3): 15.0,
             (2, 9): 10.0,
             (3, 4): 10.0,
             (3, 5): 10.0,
             (4, 7): 4.0,
             (4, 8): 5.0,
             (5, 10): 5.0,
             (8, 6): 8.0,
             (9, 10): 3.0},
 'distancia': [inf, 0, 15.0, 30.0, 40.0, 40.0, 53.0, 44.0, 45.0, 25.0, 28.0],
 'fluxo': [inf, 0, 10.5, 21.0, 31.5, 31.5, 52.5, 42.0, 42.0, 21.0, 31.5]}
{'caminho': {(2, 3): 15.0,
             (2, 9): 10.0,
             (3, 4): 10.0,
             (3, 5): 10.0,
             (4, 7): 4.0,
             (4, 8): 5.0,
             (5, 10): 5.0,
             (8, 6): 8.0,
             (9, 10): 3.0},
 'distancia': [inf, inf, 0, 15.0, 25.0, 25.0, 38.0, 29.0, 30.0, 10.0, 13.0],
 'fluxo': [inf, inf, 0, 10.5, 21.0, 21.0, 42.0, 31.5, 31.5, 10.5, 21.0]}
{'caminho': {(3, 4): 10.0,
             (3, 5): 10.0,
             (4, 7): 4.0,
             (4, 8): 5.0,
             (5, 9): 6.0,
             (5, 10): 5.0,
             (8, 6): 8.0},
 'distancia': [inf, inf, inf, 0, 10.0, 10.0, 23.0, 14.0, 15.0, 16.0, 15.0],
 'fluxo': [inf, inf, inf, 0, 10.5, 10.5, 31.5, 21.0, 21.0, 21.0, 21.0]}
{'caminho': {(4, 7): 4.0, (4, 8): 5.0, (6, 10): 1.0, (7, 10): 2.0, (8, 6): 8.0},
 'distancia': [inf, inf, inf, inf, 0, inf, 13.0, 4.0, 5.0, inf, 6.0],
 'fluxo': [inf, inf, inf, inf, 0, inf, 21.0, 10.5, 10.5, inf, 21.0]}
{'caminho': {(5, 8): 5.0, (5, 9): 6.0, (5, 10): 5.0, (8, 6): 8.0},
 'distancia': [inf, inf, inf, inf, inf, 0, 13.0, inf, 5.0, 6.0, 5.0],
 'fluxo': [inf, inf, inf, inf, inf, 0, 21.0, inf, 10.5, 10.5, 10.5]}
{'caminho': {(6, 10): 1.0},
 'distancia': [inf, inf, inf, inf, inf, inf, 0, inf, inf, inf, 1.0],
 'fluxo': [inf, inf, inf, inf, inf, inf, 0, inf, inf, inf, 10.5]}
{'caminho': {(7, 8): 4.0, (7, 10): 2.0, (8, 6): 8.0},
 'distancia': [inf, inf, inf, inf, inf, inf, 12.0, 0, 4.0, inf, 2.0],
 'fluxo': [inf, inf, inf, inf, inf, inf, 21.0, 0, 10.5, inf, 10.5]}
{'caminho': {(6, 10): 1.0, (8, 6): 8.0, (8, 10): 5.0},
 'distancia': [inf, inf, inf, inf, inf, inf, 8.0, inf, 0, inf, 5.0],
 'fluxo': [inf, inf, inf, inf, inf, inf, 10.5, inf, 0, inf, 10.5]}
{'caminho': {(9, 10): 3.0},
 'distancia': [inf, inf, inf, inf, inf, inf, inf, inf, inf, 0, 3.0],
 'fluxo': [inf, inf, inf, inf, inf, inf, inf, inf, inf, 0, 10.5]}
{'caminho': {},
 'distancia': [inf, inf, inf, inf, inf, inf, inf, inf, inf, inf, 0],
 'fluxo': [inf, inf, inf, inf, inf, inf, inf, inf, inf, inf, 0]}
{'caminho': {(0, 1): 15.0,
             (1, 2): 15.0,
             (2, 3): 15.0,
             (2, 9): 10.0,
             (3, 4): 10.0,
             (3, 5): 10.0,
             (4, 7): 4.0,
             (4, 8): 5.0,
             (5, 10): 5.0,
             (8, 6): 8.0,
             (9, 10): 3.0},
 'distancia': [0, 15.0, 30.0, 45.0, 55.0, 55.0, 68.0, 59.0, 60.0, 40.0, 43.0],
 'fluxo': [0, 10.5, 21.0, 31.5, 42.0, 42.0, 63.0, 52.5, 52.5, 31.5, 42.0]}
{'caminho': {(1, 2): 15.0,
             (2, 3): 15.0,
             (2, 9): 10.0,
             (3, 4): 10.0,
             (3, 5): 10.0,
             (4, 7): 4.0,
             (4, 8): 5.0,
             (5, 10): 5.0,
             (8, 6): 8.0,
             (9, 10): 3.0},
 'distancia': [inf, 0, 15.0, 30.0, 40.0, 40.0, 53.0, 44.0, 45.0, 25.0, 28.0],
 'fluxo': [inf, 0, 10.5, 21.0, 31.5, 31.5, 52.5, 42.0, 42.0, 21.0, 31.5]}
{'caminho': {(2, 3): 15.0,
             (2, 9): 10.0,
             (3, 4): 10.0,
             (3, 5): 10.0,
             (4, 7): 4.0,
             (4, 8): 5.0,
             (5, 10): 5.0,
             (8, 6): 8.0,
             (9, 10): 3.0},
 'distancia': [inf, inf, 0, 15.0, 25.0, 25.0, 38.0, 29.0, 30.0, 10.0, 13.0],
 'fluxo': [inf, inf, 0, 10.5, 21.0, 21.0, 42.0, 31.5, 31.5, 10.5, 21.0]}
{'caminho': {(3, 4): 10.0,
             (3, 5): 10.0,
             (4, 7): 4.0,
             (4, 8): 5.0,
             (5, 9): 6.0,
             (5, 10): 5.0,
             (8, 6): 8.0},
 'distancia': [inf, inf, inf, 0, 10.0, 10.0, 23.0, 14.0, 15.0, 16.0, 15.0],
 'fluxo': [inf, inf, inf, 0, 10.5, 10.5, 31.5, 21.0, 21.0, 21.0, 21.0]}
{'caminho': {(4, 7): 4.0, (4, 8): 5.0, (6, 10): 1.0, (7, 10): 2.0, (8, 6): 8.0},
 'distancia': [inf, inf, inf, inf, 0, inf, 13.0, 4.0, 5.0, inf, 6.0],
 'fluxo': [inf, inf, inf, inf, 0, inf, 21.0, 10.5, 10.5, inf, 21.0]}
{'caminho': {(5, 8): 5.0, (5, 9): 6.0, (5, 10): 5.0, (8, 6): 8.0},
 'distancia': [inf, inf, inf, inf, inf, 0, 13.0, inf, 5.0, 6.0, 5.0],
 'fluxo': [inf, inf, inf, inf, inf, 0, 21.0, inf, 10.5, 10.5, 10.5]}
{'caminho': {(6, 10): 1.0},
 'distancia': [inf, inf, inf, inf, inf, inf, 0, inf, inf, inf, 1.0],
 'fluxo': [inf, inf, inf, inf, inf, inf, 0, inf, inf, inf, 10.5]}
{'caminho': {(7, 8): 4.0, (7, 10): 2.0, (8, 6): 8.0},
 'distancia': [inf, inf, inf, inf, inf, inf, 12.0, 0, 4.0, inf, 2.0],
 'fluxo': [inf, inf, inf, inf, inf, inf, 21.0, 0, 10.5, inf, 10.5]}
{'caminho': {(6, 10): 1.0, (8, 6): 8.0, (8, 10): 5.0},
 'distancia': [inf, inf, inf, inf, inf, inf, 8.0, inf, 0, inf, 5.0],
 'fluxo': [inf, inf, inf, inf, inf, inf, 10.5, inf, 0, inf, 10.5]}
{'caminho': {(9, 10): 3.0},
 'distancia': [inf, inf, inf, inf, inf, inf, inf, inf, inf, 0, 3.0],
 'fluxo': [inf, inf, inf, inf, inf, inf, inf, inf, inf, 0, 10.5]}
{'caminho': {},
 'distancia': [inf, inf, inf, inf, inf, inf, inf, inf, inf, inf, 0],
 'fluxo': [inf, inf, inf, inf, inf, inf, inf, inf, inf, inf, 0]}
{'caminho': {(0, 1): 15.0,
             (1, 2): 15.0,
             (2, 3): 15.0,
             (2, 9): 10.0,
             (3, 4): 10.0,
             (3, 5): 10.0,
             (4, 7): 4.0,
             (4, 8): 5.0,
             (5, 10): 5.0,
             (8, 6): 8.0,
             (9, 10): 3.0},
 'distancia': [0, 15.0, 30.0, 45.0, 55.0, 55.0, 68.0, 59.0, 60.0, 40.0, 43.0],
 'fluxo': [0, 8.5, 17.0, 25.5, 34.0, 34.0, 51.0, 42.5, 42.5, 25.5, 34.0]}
{'caminho': {(1, 2): 15.0,
             (2, 3): 15.0,
             (2, 9): 10.0,
             (3, 4): 10.0,
             (3, 5): 10.0,
             (4, 7): 4.0,
             (4, 8): 5.0,
             (5, 10): 5.0,
             (8, 6): 8.0,
             (9, 10): 3.0},
 'distancia': [inf, 0, 15.0, 30.0, 40.0, 40.0, 53.0, 44.0, 45.0, 25.0, 28.0],
 'fluxo': [inf, 0, 8.5, 17.0, 25.5, 25.5, 42.5, 34.0, 34.0, 17.0, 25.5]}
{'caminho': {(2, 3): 15.0,
             (2, 9): 10.0,
             (3, 4): 10.0,
             (3, 5): 10.0,
             (4, 7): 4.0,
             (4, 8): 5.0,
             (5, 10): 5.0,
             (8, 6): 8.0,
             (9, 10): 3.0},
 'distancia': [inf, inf, 0, 15.0, 25.0, 25.0, 38.0, 29.0, 30.0, 10.0, 13.0],
 'fluxo': [inf, inf, 0, 8.5, 17.0, 17.0, 34.0, 25.5, 25.5, 8.5, 17.0]}
{'caminho': {(3, 4): 10.0,
             (3, 5): 10.0,
             (4, 7): 4.0,
             (4, 8): 5.0,
             (5, 9): 6.0,
             (5, 10): 5.0,
             (8, 6): 8.0},
 'distancia': [inf, inf, inf, 0, 10.0, 10.0, 23.0, 14.0, 15.0, 16.0, 15.0],
 'fluxo': [inf, inf, inf, 0, 8.5, 8.5, 25.5, 17.0, 17.0, 17.0, 17.0]}
{'caminho': {(4, 7): 4.0, (4, 8): 5.0, (6, 10): 1.0, (7, 10): 2.0, (8, 6): 8.0},
 'distancia': [inf, inf, inf, inf, 0, inf, 13.0, 4.0, 5.0, inf, 6.0],
 'fluxo': [inf, inf, inf, inf, 0, inf, 17.0, 8.5, 8.5, inf, 17.0]}
{'caminho': {(5, 8): 5.0, (5, 9): 6.0, (5, 10): 5.0, (8, 6): 8.0},
 'distancia': [inf, inf, inf, inf, inf, 0, 13.0, inf, 5.0, 6.0, 5.0],
 'fluxo': [inf, inf, inf, inf, inf, 0, 17.0, inf, 8.5, 8.5, 8.5]}
{'caminho': {(6, 10): 1.0},
 'distancia': [inf, inf, inf, inf, inf, inf, 0, inf, inf, inf, 1.0],
 'fluxo': [inf, inf, inf, inf, inf, inf, 0, inf, inf, inf, 8.5]}
{'caminho': {(7, 8): 4.0, (7, 10): 2.0, (8, 6): 8.0},
 'distancia': [inf, inf, inf, inf, inf, inf, 12.0, 0, 4.0, inf, 2.0],
 'fluxo': [inf, inf, inf, inf, inf, inf, 17.0, 0, 8.5, inf, 8.5]}
{'caminho': {(6, 10): 1.0, (8, 6): 8.0, (8, 10): 5.0},
 'distancia': [inf, inf, inf, inf, inf, inf, 8.0, inf, 0, inf, 5.0],
 'fluxo': [inf, inf, inf, inf, inf, inf, 8.5, inf, 0, inf, 8.5]}
{'caminho': {(9, 10): 3.0},
 'distancia': [inf, inf, inf, inf, inf, inf, inf, inf, inf, 0, 3.0],
 'fluxo': [inf, inf, inf, inf, inf, inf, inf, inf, inf, 0, 8.5]}
{'caminho': {},
 'distancia': [inf, inf, inf, inf, inf, inf, inf, inf, inf, inf, 0],
 'fluxo': [inf, inf, inf, inf, inf, inf, inf, inf, inf, inf, 0]}
{'caminho': {(0, 1): 15.0,
             (1, 2): 15.0,
             (2, 3): 15.0,
             (2, 9): 10.0,
             (3, 4): 10.0,
             (3, 5): 10.0,
             (4, 7): 4.0,
             (4, 8): 5.0,
             (5, 10): 5.0,
             (8, 6): 8.0,
             (9, 10): 3.0},
 'distancia': [0, 15.0, 30.0, 45.0, 55.0, 55.0, 68.0, 59.0, 60.0, 40.0, 43.0],
 'fluxo': [0, 8.5, 17.0, 25.5, 34.0, 34.0, 51.0, 42.5, 42.5, 25.5, 34.0]}
{'caminho': {(1, 2): 15.0,
             (2, 3): 15.0,
             (2, 9): 10.0,
             (3, 4): 10.0,
             (3, 5): 10.0,
             (4, 7): 4.0,
             (4, 8): 5.0,
             (5, 10): 5.0,
             (8, 6): 8.0,
             (9, 10): 3.0},
 'distancia': [inf, 0, 15.0, 30.0, 40.0, 40.0, 53.0, 44.0, 45.0, 25.0, 28.0],
 'fluxo': [inf, 0, 8.5, 17.0, 25.5, 25.5, 42.5, 34.0, 34.0, 17.0, 25.5]}
{'caminho': {(2, 3): 15.0,
             (2, 9): 10.0,
             (3, 4): 10.0,
             (3, 5): 10.0,
             (4, 7): 4.0,
             (4, 8): 5.0,
             (5, 10): 5.0,
             (8, 6): 8.0,
             (9, 10): 3.0},
 'distancia': [inf, inf, 0, 15.0, 25.0, 25.0, 38.0, 29.0, 30.0, 10.0, 13.0],
 'fluxo': [inf, inf, 0, 8.5, 17.0, 17.0, 34.0, 25.5, 25.5, 8.5, 17.0]}
{'caminho': {(3, 4): 10.0,
             (3, 5): 10.0,
             (4, 7): 4.0,
             (4, 8): 5.0,
             (5, 9): 6.0,
             (5, 10): 5.0,
             (8, 6): 8.0},
 'distancia': [inf, inf, inf, 0, 10.0, 10.0, 23.0, 14.0, 15.0, 16.0, 15.0],
 'fluxo': [inf, inf, inf, 0, 8.5, 8.5, 25.5, 17.0, 17.0, 17.0, 17.0]}
{'caminho': {(4, 7): 4.0, (4, 8): 5.0, (6, 10): 1.0, (7, 10): 2.0, (8, 6): 8.0},
 'distancia': [inf, inf, inf, inf, 0, inf, 13.0, 4.0, 5.0, inf, 6.0],
 'fluxo': [inf, inf, inf, inf, 0, inf, 17.0, 8.5, 8.5, inf, 17.0]}
{'caminho': {(5, 8): 5.0, (5, 9): 6.0, (5, 10): 5.0, (8, 6): 8.0},
 'distancia': [inf, inf, inf, inf, inf, 0, 13.0, inf, 5.0, 6.0, 5.0],
 'fluxo': [inf, inf, inf, inf, inf, 0, 17.0, inf, 8.5, 8.5, 8.5]}
{'caminho': {(6, 10): 1.0},
 'distancia': [inf, inf, inf, inf, inf, inf, 0, inf, inf, inf, 1.0],
 'fluxo': [inf, inf, inf, inf, inf, inf, 0, inf, inf, inf, 8.5]}
{'caminho': {(7, 8): 4.0, (7, 10): 2.0, (8, 6): 8.0},
 'distancia': [inf, inf, inf, inf, inf, inf, 12.0, 0, 4.0, inf, 2.0],
 'fluxo': [inf, inf, inf, inf, inf, inf, 17.0, 0, 8.5, inf, 8.5]}
{'caminho': {(6, 10): 1.0, (8, 6): 8.0, (8, 10): 5.0},
 'distancia': [inf, inf, inf, inf, inf, inf, 8.0, inf, 0, inf, 5.0],
 'fluxo': [inf, inf, inf, inf, inf, inf, 8.5, inf, 0, inf, 8.5]}
{'caminho': {(9, 10): 3.0},
 'distancia': [inf, inf, inf, inf, inf, inf, inf, inf, inf, 0, 3.0],
 'fluxo': [inf, inf, inf, inf, inf, inf, inf, inf, inf, 0, 8.5]}
{'caminho': {},
 'distancia': [inf, inf, inf, inf, inf, inf, inf, inf, inf, inf, 0],
 'fluxo': [inf, inf, inf, inf, inf, inf, inf, inf, inf, inf, 0]}
{'caminho': {(0, 1): 15.0,
             (1, 2): 15.0,
             (2, 3): 15.0,
             (2, 9): 10.0,
             (3, 4): 10.0,
             (3, 5): 10.0,
             (4, 7): 4.0,
             (4, 8): 5.0,
             (5, 10): 5.0,
             (8, 6): 8.0,
             (9, 10): 3.0},
 'distancia': [0, 15.0, 30.0, 45.0, 55.0, 55.0, 68.0, 59.0, 60.0, 40.0, 43.0],
 'fluxo': [0, 2.5, 5.0, 7.5, 10.0, 10.0, 15.0, 12.5, 12.5, 7.5, 10.0]}
{'caminho': {(1, 2): 15.0,
             (2, 3): 15.0,
             (2, 9): 10.0,
             (3, 4): 10.0,
             (3, 5): 10.0,
             (4, 7): 4.0,
             (4, 8): 5.0,
             (5, 10): 5.0,
             (8, 6): 8.0,
             (9, 10): 3.0},
 'distancia': [inf, 0, 15.0, 30.0, 40.0, 40.0, 53.0, 44.0, 45.0, 25.0, 28.0],
 'fluxo': [inf, 0, 2.5, 5.0, 7.5, 7.5, 12.5, 10.0, 10.0, 5.0, 7.5]}
{'caminho': {(2, 3): 15.0,
             (2, 9): 10.0,
             (3, 4): 10.0,
             (3, 5): 10.0,
             (4, 7): 4.0,
             (4, 8): 5.0,
             (5, 10): 5.0,
             (8, 6): 8.0,
             (9, 10): 3.0},
 'distancia': [inf, inf, 0, 15.0, 25.0, 25.0, 38.0, 29.0, 30.0, 10.0, 13.0],
 'fluxo': [inf, inf, 0, 2.5, 5.0, 5.0, 10.0, 7.5, 7.5, 2.5, 5.0]}
{'caminho': {(3, 4): 10.0,
             (3, 5): 10.0,
             (4, 7): 4.0,
             (4, 8): 5.0,
             (5, 9): 6.0,
             (5, 10): 5.0,
             (8, 6): 8.0},
 'distancia': [inf, inf, inf, 0, 10.0, 10.0, 23.0, 14.0, 15.0, 16.0, 15.0],
 'fluxo': [inf, inf, inf, 0, 2.5, 2.5, 7.5, 5.0, 5.0, 5.0, 5.0]}
{'caminho': {(4, 7): 4.0, (4, 8): 5.0, (6, 10): 1.0, (7, 10): 2.0, (8, 6): 8.0},
 'distancia': [inf, inf, inf, inf, 0, inf, 13.0, 4.0, 5.0, inf, 6.0],
 'fluxo': [inf, inf, inf, inf, 0, inf, 5.0, 2.5, 2.5, inf, 5.0]}
{'caminho': {(5, 8): 5.0, (5, 9): 6.0, (5, 10): 5.0, (8, 6): 8.0},
 'distancia': [inf, inf, inf, inf, inf, 0, 13.0, inf, 5.0, 6.0, 5.0],
 'fluxo': [inf, inf, inf, inf, inf, 0, 5.0, inf, 2.5, 2.5, 2.5]}
{'caminho': {(6, 10): 1.0},
 'distancia': [inf, inf, inf, inf, inf, inf, 0, inf, inf, inf, 1.0],
 'fluxo': [inf, inf, inf, inf, inf, inf, 0, inf, inf, inf, 2.5]}
{'caminho': {(7, 8): 4.0, (7, 10): 2.0, (8, 6): 8.0},
 'distancia': [inf, inf, inf, inf, inf, inf, 12.0, 0, 4.0, inf, 2.0],
 'fluxo': [inf, inf, inf, inf, inf, inf, 5.0, 0, 2.5, inf, 2.5]}
{'caminho': {(6, 10): 1.0, (8, 6): 8.0, (8, 10): 5.0},
 'distancia': [inf, inf, inf, inf, inf, inf, 8.0, inf, 0, inf, 5.0],
 'fluxo': [inf, inf, inf, inf, inf, inf, 2.5, inf, 0, inf, 2.5]}
{'caminho': {(9, 10): 3.0},
 'distancia': [inf, inf, inf, inf, inf, inf, inf, inf, inf, 0, 3.0],
 'fluxo': [inf, inf, inf, inf, inf, inf, inf, inf, inf, 0, 2.5]}
{'caminho': {},
 'distancia': [inf, inf, inf, inf, inf, inf, inf, inf, inf, inf, 0],
 'fluxo': [inf, inf, inf, inf, inf, inf, inf, inf, inf, inf, 0]}
Ok: 0.054063273000000134 segundos

Gerando gráficos de custos por veículo
Ok: 19.47167759 segundos

Solução do problema de minimização do custo

Optimal solution:
x_(0, 1) = 15.0
x_(1, 2) = 15.0
x_(2, 9) = 7.0
x_(2, 3) = 8.0
x_(3, 4) = 7.0
x_(3, 5) = 1.0
x_(4, 7) = 2.0
x_(4, 8) = 4.0
x_(5, 8) = 0.0
x_(5, 9) = 0.0
x_(5, 10) = 0.0
x_(8, 6) = 2.0
x_(6, 10) = 0.0
x_(7, 8) = 0.0
x_(7, 10) = 0.0
x_(8, 10) = 0.0
x_(9, 10) = 5.0
Objective value: 779

Tempo total: 1.9907956739999975 segundos

--- FIM ----

--- INÍCIO ---

Carregando filiais
['0', 'A', '960', '0']
['1', 'B', '-30', '4.00']
['2', 'C', '-20', '3.00']
['3', 'D', '-120', '2.50']
['4', 'E', '-30', '1.50']
['5', 'F', '-60', '3.50']
['6', 'G', '-40', '2.00']
['7', 'H', '-150', '1.50']
['8', 'I', '-20', '2.00']
['9', 'J', '-30', '1.00']
['10', 'K', '-100', '1.50']
['11', 'L', '-10', '5.00']
['12', 'M', '-150', '3.00']
['13', 'N', '-120', '5.00']
['14', 'O', '-50', '2.00']
['15', 'P', '-30', '1.00']
['16', 'Q', '-15', '0.75']
['17', 'R', '-40', '1.75']
Ok: 0.0004829010000002576 segundos

Carregando trajetos
{(0, 1): {'c': 15.0, 'u': 506},
 (1, 2): {'c': 15.0, 'u': 506},
 (2, 3): {'c': 15.0, 'u': 506},
 (2, 9): {'c': 10.0, 'u': 506},
 (3, 4): {'c': 10.0, 'u': 506},
 (3, 5): {'c': 10.0, 'u': 506},
 (4, 7): {'c': 4.0, 'u': 506},
 (4, 8): {'c': 5.0, 'u': 506},
 (5, 8): {'c': 5.0, 'u': 506},
 (5, 9): {'c': 6.0, 'u': 506},
 (5, 10): {'c': 5.0, 'u': 506},
 (6, 10): {'c': 1.0, 'u': 506},
 (7, 8): {'c': 4.0, 'u': 506},
 (7, 10): {'c': 2.0, 'u': 506},
 (8, 6): {'c': 8.0, 'u': 506},
 (8, 10): {'c': 5.0, 'u': 506},
 (9, 10): {'c': 3.0, 'u': 506}}
Ok: 0.0010898149999998274 segundos

Carregando veículos
{0: {'capacidade_maxima_kg': 500.5, 'custo_km': 30.15, 'nome': 'Cam_G'},
 1: {'capacidade_maxima_kg': 500.5, 'custo_km': 30.15, 'nome': 'Cam_G'},
 2: {'capacidade_maxima_kg': 200.5, 'custo_km': 20.15, 'nome': 'Cam_P'},
 3: {'capacidade_maxima_kg': 200.5, 'custo_km': 20.15, 'nome': 'Cam_P'},
 4: {'capacidade_maxima_kg': 75.5, 'custo_km': 10.15, 'nome': 'Van'},
 5: {'capacidade_maxima_kg': 75.5, 'custo_km': 10.15, 'nome': 'Van'},
 6: {'capacidade_maxima_kg': 75.5, 'custo_km': 10.15, 'nome': 'Van'},
 7: {'capacidade_maxima_kg': 10.5, 'custo_km': 5.15, 'nome': 'Moto'},
 8: {'capacidade_maxima_kg': 10.5, 'custo_km': 5.15, 'nome': 'Moto'},
 9: {'capacidade_maxima_kg': 10.5, 'custo_km': 5.15, 'nome': 'Moto'},
 10: {'capacidade_maxima_kg': 8.5, 'custo_km': 3.15, 'nome': 'Moto'},
 11: {'capacidade_maxima_kg': 8.5, 'custo_km': 3.15, 'nome': 'Moto'},
 12: {'capacidade_maxima_kg': 2.5, 'custo_km': 3.15, 'nome': 'Bicicleta'}}
Ok: 0.0008297260000000861 segundos

Carregando matriz de custos (gerada préviamente)
Ok: 0.0646736269999999 segundos

Solução do problema de minimização do custo

--- INÍCIO ---

Carregando filiais
['0', 'A', '960', '0']
['1', 'B', '-30', '4.00']
['2', 'C', '-20', '3.00']
['3', 'D', '-120', '2.50']
['4', 'E', '-30', '1.50']
['5', 'F', '-60', '3.50']
['6', 'G', '-40', '2.00']
['7', 'H', '-150', '1.50']
['8', 'I', '-20', '2.00']
['9', 'J', '-30', '1.00']
['10', 'K', '-100', '1.50']
['11', 'L', '-10', '5.00']
['12', 'M', '-150', '3.00']
['13', 'N', '-120', '5.00']
['14', 'O', '-50', '2.00']
['15', 'P', '-30', '1.00']
['16', 'Q', '-15', '0.75']
['17', 'R', '-40', '1.75']
Ok: 0.0003381270000000214 segundos

Carregando trajetos
{(0, 1): {'c': 1.3, 'u': 506},
 (1, 2): {'c': 0.7, 'u': 506},
 (2, 3): {'c': 0.4, 'u': 506},
 (2, 9): {'c': 1.2, 'u': 506},
 (3, 4): {'c': 1.3, 'u': 506},
 (3, 5): {'c': 2.0, 'u': 506},
 (4, 7): {'c': 0.9, 'u': 506},
 (4, 8): {'c': 1.1, 'u': 506},
 (5, 8): {'c': 0.8, 'u': 506},
 (5, 9): {'c': 0.5, 'u': 506},
 (5, 10): {'c': 0.8, 'u': 506},
 (6, 10): {'c': 0.7, 'u': 506},
 (7, 8): {'c': 1.4, 'u': 506},
 (7, 10): {'c': 0.6, 'u': 506},
 (8, 6): {'c': 1.1, 'u': 506},
 (8, 13): {'c': 0.7, 'u': 506},
 (9, 10): {'c': 1.3, 'u': 506},
 (9, 11): {'c': 0.8, 'u': 506},
 (9, 12): {'c': 1.0, 'u': 506},
 (10, 12): {'c': 1.4, 'u': 506},
 (10, 14): {'c': 1.3, 'u': 506},
 (10, 15): {'c': 0.8, 'u': 506},
 (12, 11): {'c': 0.7, 'u': 506},
 (13, 14): {'c': 1.2, 'u': 506},
 (13, 16): {'c': 2.0, 'u': 506},
 (14, 16): {'c': 1.3, 'u': 506},
 (14, 17): {'c': 1.0, 'u': 506},
 (15, 11): {'c': 1.2, 'u': 506},
 (15, 17): {'c': 0.8, 'u': 506}}
Ok: 0.0010540840000001772 segundos

Carregando veículos
{0: {'capacidade_maxima_kg': 500.5, 'custo_km': 30.15, 'nome': 'Cam_G'},
 1: {'capacidade_maxima_kg': 500.5, 'custo_km': 30.15, 'nome': 'Cam_G'},
 2: {'capacidade_maxima_kg': 200.5, 'custo_km': 20.15, 'nome': 'Cam_P'},
 3: {'capacidade_maxima_kg': 200.5, 'custo_km': 20.15, 'nome': 'Cam_P'},
 4: {'capacidade_maxima_kg': 75.5, 'custo_km': 10.15, 'nome': 'Van'},
 5: {'capacidade_maxima_kg': 75.5, 'custo_km': 10.15, 'nome': 'Van'},
 6: {'capacidade_maxima_kg': 75.5, 'custo_km': 10.15, 'nome': 'Van'},
 7: {'capacidade_maxima_kg': 10.5, 'custo_km': 5.15, 'nome': 'Moto'},
 8: {'capacidade_maxima_kg': 10.5, 'custo_km': 5.15, 'nome': 'Moto'},
 9: {'capacidade_maxima_kg': 10.5, 'custo_km': 5.15, 'nome': 'Moto'},
 10: {'capacidade_maxima_kg': 8.5, 'custo_km': 3.15, 'nome': 'Moto'},
 11: {'capacidade_maxima_kg': 8.5, 'custo_km': 3.15, 'nome': 'Moto'},
 12: {'capacidade_maxima_kg': 2.5, 'custo_km': 3.15, 'nome': 'Bicicleta'}}
Ok: 0.0004869730000001127 segundos

Carregando matriz de custos (gerada préviamente)
Ok: 0.05328187799999995 segundos

Solução do problema de minimização do custo

--- INÍCIO ---

Carregando filiais
['0', 'A', '960', '0']
['1', 'B', '-30', '4.00']
['2', 'C', '-20', '3.00']
['3', 'D', '-120', '2.50']
['4', 'E', '-30', '1.50']
['5', 'F', '-60', '3.50']
['6', 'G', '-40', '2.00']
['7', 'H', '-150', '1.50']
['8', 'I', '-20', '2.00']
['9', 'J', '-30', '1.00']
['10', 'K', '-100', '1.50']
['11', 'L', '-10', '5.00']
['12', 'M', '-150', '3.00']
['13', 'N', '-120', '5.00']
['14', 'O', '-50', '2.00']
['15', 'P', '-30', '1.00']
['16', 'Q', '-15', '0.75']
['17', 'R', '-40', '1.75']
Ok: 0.0003465010000001101 segundos

Carregando trajetos
{(0, 1): {'c': 1.3, 'u': 506},
 (1, 2): {'c': 0.7, 'u': 506},
 (2, 3): {'c': 0.4, 'u': 506},
 (2, 9): {'c': 1.2, 'u': 506},
 (3, 4): {'c': 1.3, 'u': 506},
 (3, 5): {'c': 2.0, 'u': 506},
 (4, 7): {'c': 0.9, 'u': 506},
 (4, 8): {'c': 1.1, 'u': 506},
 (5, 8): {'c': 0.8, 'u': 506},
 (5, 9): {'c': 0.5, 'u': 506},
 (5, 10): {'c': 0.8, 'u': 506},
 (6, 10): {'c': 0.7, 'u': 506},
 (7, 8): {'c': 1.4, 'u': 506},
 (7, 10): {'c': 0.6, 'u': 506},
 (8, 6): {'c': 1.1, 'u': 506},
 (8, 13): {'c': 0.7, 'u': 506},
 (9, 10): {'c': 1.3, 'u': 506},
 (9, 11): {'c': 0.8, 'u': 506},
 (9, 12): {'c': 1.0, 'u': 506},
 (10, 12): {'c': 1.4, 'u': 506},
 (10, 14): {'c': 1.3, 'u': 506},
 (10, 15): {'c': 0.8, 'u': 506},
 (12, 11): {'c': 0.7, 'u': 506},
 (13, 14): {'c': 1.2, 'u': 506},
 (13, 16): {'c': 2.0, 'u': 506},
 (14, 16): {'c': 1.3, 'u': 506},
 (14, 17): {'c': 1.0, 'u': 506},
 (15, 11): {'c': 1.2, 'u': 506},
 (15, 17): {'c': 0.8, 'u': 506}}
Ok: 0.001163448999999872 segundos

Carregando veículos
{0: {'capacidade_maxima_kg': 500.5, 'custo_km': 30.15, 'nome': 'Cam_G'},
 1: {'capacidade_maxima_kg': 500.5, 'custo_km': 30.15, 'nome': 'Cam_G'},
 2: {'capacidade_maxima_kg': 200.5, 'custo_km': 20.15, 'nome': 'Cam_P'},
 3: {'capacidade_maxima_kg': 200.5, 'custo_km': 20.15, 'nome': 'Cam_P'},
 4: {'capacidade_maxima_kg': 75.5, 'custo_km': 10.15, 'nome': 'Van'},
 5: {'capacidade_maxima_kg': 75.5, 'custo_km': 10.15, 'nome': 'Van'},
 6: {'capacidade_maxima_kg': 75.5, 'custo_km': 10.15, 'nome': 'Van'},
 7: {'capacidade_maxima_kg': 10.5, 'custo_km': 5.15, 'nome': 'Moto'},
 8: {'capacidade_maxima_kg': 10.5, 'custo_km': 5.15, 'nome': 'Moto'},
 9: {'capacidade_maxima_kg': 10.5, 'custo_km': 5.15, 'nome': 'Moto'},
 10: {'capacidade_maxima_kg': 8.5, 'custo_km': 3.15, 'nome': 'Moto'},
 11: {'capacidade_maxima_kg': 8.5, 'custo_km': 3.15, 'nome': 'Moto'},
 12: {'capacidade_maxima_kg': 2.5, 'custo_km': 3.15, 'nome': 'Bicicleta'}}
Ok: 0.000499768000000067 segundos

Carregando matriz de custos (gerada préviamente)
Ok: 0.053646381000000076 segundos

Solução do problema de minimização do custo
None
None
None
None
None
None
None
None
None
None
None
None
None
None
None
None
None
None
None
None
None
None
None
None
None
None
None
None
None
