
--- INÍCIO ---

Carregando filiais
Ok: 0.00014921999999994995 segundos

Carregando trajetos
{(0, 1): {'c': 15.1, 'u': 506},
 (1, 2): {'c': 15.1, 'u': 506},
 (2, 3): {'c': 15.1, 'u': 506},
 (2, 9): {'c': 10.1, 'u': 506},
 (3, 4): {'c': 10.3, 'u': 506},
 (3, 5): {'c': 10.2, 'u': 506},
 (4, 7): {'c': 4.1, 'u': 506},
 (4, 8): {'c': 5.4, 'u': 506},
 (5, 8): {'c': 5.3, 'u': 506},
 (5, 9): {'c': 6.2, 'u': 506},
 (5, 10): {'c': 5.1, 'u': 506},
 (6, 10): {'c': 1.3, 'u': 506},
 (7, 8): {'c': 4.2, 'u': 506},
 (7, 10): {'c': 2.2, 'u': 506},
 (8, 6): {'c': 8.3, 'u': 506},
 (8, 10): {'c': 5.3, 'u': 506},
 (9, 10): {'c': 3.1, 'u': 506}}
Ok: 0.0006748079999998602 segundos

Carregando veículos
{0: {'capacidade_maxima_kg': 500.5, 'custo_km': 30.15, 'nome': 'Cam_G'},
 1: {'capacidade_maxima_kg': 500.5, 'custo_km': 30.15, 'nome': 'Cam_G'},
 2: {'capacidade_maxima_kg': 200.5, 'custo_km': 20.15, 'nome': 'Cam_P'},
 3: {'capacidade_maxima_kg': 200.5, 'custo_km': 20.15, 'nome': 'Cam_P'},
 4: {'capacidade_maxima_kg': 75.5, 'custo_km': 10.15, 'nome': 'Van'},
 5: {'capacidade_maxima_kg': 75.5, 'custo_km': 10.15, 'nome': 'Van'},
 6: {'capacidade_maxima_kg': 75.5, 'custo_km': 10.15, 'nome': 'Van'},
 7: {'capacidade_maxima_kg': 10.5, 'custo_km': 5.15, 'nome': 'Moto'},
 8: {'capacidade_maxima_kg': 10.5, 'custo_km': 5.15, 'nome': 'Moto'},
 9: {'capacidade_maxima_kg': 10.5, 'custo_km': 5.15, 'nome': 'Moto'},
 10: {'capacidade_maxima_kg': 8.5, 'custo_km': 3.15, 'nome': 'Moto'},
 11: {'capacidade_maxima_kg': 8.5, 'custo_km': 3.15, 'nome': 'Moto'},
 12: {'capacidade_maxima_kg': 2.5, 'custo_km': 3.15, 'nome': 'Bicicleta'}}
Ok: 0.0006025360000001534 segundos

Carregando matriz de custos (gerada préviamente)
Ok: 0.05608366699999978 segundos

Solução do problema de minimização do custo

Optimal solution:
x_(0, 1) = 15.0
x_(1, 2) = 15.0
x_(2, 9) = 7.0
x_(2, 3) = 8.0
x_(3, 4) = 3.0
x_(3, 5) = 5.0
x_(4, 7) = 2.0
x_(4, 8) = 0.0
x_(5, 8) = 4.0
x_(5, 9) = 0.0
x_(5, 10) = 0.0
x_(8, 6) = 2.0
x_(6, 10) = 0.0
x_(7, 8) = 0.0
x_(7, 10) = 0.0
x_(8, 10) = 0.0
x_(9, 10) = 5.0
Valor da solução ótima: 788

Tempo total: 3.845128318 segundos

--- FIM ----

--- INÍCIO ---

Carregando filiais
Ok: 0.00016440299999986863 segundos

Carregando trajetos
{(0, 1): {'c': 15.1, 'u': 506},
 (1, 2): {'c': 15.1, 'u': 506},
 (2, 3): {'c': 15.1, 'u': 506},
 (2, 9): {'c': 10.1, 'u': 506},
 (3, 4): {'c': 10.3, 'u': 506},
 (3, 5): {'c': 10.2, 'u': 506},
 (4, 7): {'c': 4.1, 'u': 506},
 (4, 8): {'c': 5.4, 'u': 506},
 (5, 8): {'c': 5.3, 'u': 506},
 (5, 9): {'c': 6.2, 'u': 506},
 (5, 10): {'c': 5.1, 'u': 506},
 (6, 10): {'c': 1.3, 'u': 506},
 (7, 8): {'c': 4.2, 'u': 506},
 (7, 10): {'c': 2.2, 'u': 506},
 (8, 6): {'c': 8.3, 'u': 506},
 (8, 10): {'c': 5.3, 'u': 506},
 (9, 10): {'c': 3.1, 'u': 506}}
Ok: 0.0007610009999998724 segundos

Carregando veículos
{0: {'capacidade_maxima_kg': 500.5, 'custo_km': 30.15, 'nome': 'Cam_G'},
 1: {'capacidade_maxima_kg': 500.5, 'custo_km': 30.15, 'nome': 'Cam_G'},
 2: {'capacidade_maxima_kg': 200.5, 'custo_km': 20.15, 'nome': 'Cam_P'},
 3: {'capacidade_maxima_kg': 200.5, 'custo_km': 20.15, 'nome': 'Cam_P'},
 4: {'capacidade_maxima_kg': 75.5, 'custo_km': 10.15, 'nome': 'Van'},
 5: {'capacidade_maxima_kg': 75.5, 'custo_km': 10.15, 'nome': 'Van'},
 6: {'capacidade_maxima_kg': 75.5, 'custo_km': 10.15, 'nome': 'Van'},
 7: {'capacidade_maxima_kg': 10.5, 'custo_km': 5.15, 'nome': 'Moto'},
 8: {'capacidade_maxima_kg': 10.5, 'custo_km': 5.15, 'nome': 'Moto'},
 9: {'capacidade_maxima_kg': 10.5, 'custo_km': 5.15, 'nome': 'Moto'},
 10: {'capacidade_maxima_kg': 8.5, 'custo_km': 3.15, 'nome': 'Moto'},
 11: {'capacidade_maxima_kg': 8.5, 'custo_km': 3.15, 'nome': 'Moto'},
 12: {'capacidade_maxima_kg': 2.5, 'custo_km': 3.15, 'nome': 'Bicicleta'}}
Ok: 0.0005353439999997711 segundos

Carregando matriz de custos (gerada préviamente)
Arquivo data/matriz_custos.csv não existe
Ok: 4.795700000004288e-05 segundos

Matriz de custos não encontrada!!

Criando matriz de custos
Ok: 0.020161794999999927 segundos

Gerando gráficos de custos por veículo
Ok: 19.691531513 segundos

Solução do problema de minimização do custo

Optimal solution:
x_(0, 1) = 15.0
x_(1, 2) = 15.0
x_(2, 9) = 7.0
x_(2, 3) = 8.0
x_(3, 4) = 3.0
x_(3, 5) = 5.0
x_(4, 7) = 2.0
x_(4, 8) = 0.0
x_(5, 8) = 4.0
x_(5, 9) = 0.0
x_(5, 10) = 0.0
x_(8, 6) = 2.0
x_(6, 10) = 0.0
x_(7, 8) = 0.0
x_(7, 10) = 0.0
x_(8, 10) = 0.0
x_(9, 10) = 5.0
Valor da solução ótima: 788

Tempo total: 1.9454949379999995 segundos

--- FIM ----

--- INÍCIO ---

Carregando filiais
Ok: 0.00015409199999982803 segundos

Carregando trajetos
{(0, 1): {'c': 15.1, 'u': 506},
 (1, 2): {'c': 15.1, 'u': 506},
 (2, 3): {'c': 15.1, 'u': 506},
 (2, 9): {'c': 10.1, 'u': 506},
 (3, 4): {'c': 10.3, 'u': 506},
 (3, 5): {'c': 10.2, 'u': 506},
 (4, 7): {'c': 4.1, 'u': 506},
 (4, 8): {'c': 5.4, 'u': 506},
 (5, 8): {'c': 5.3, 'u': 506},
 (5, 9): {'c': 6.2, 'u': 506},
 (5, 10): {'c': 5.1, 'u': 506},
 (6, 10): {'c': 1.3, 'u': 506},
 (7, 8): {'c': 4.2, 'u': 506},
 (7, 10): {'c': 2.2, 'u': 506},
 (8, 6): {'c': 8.3, 'u': 506},
 (8, 10): {'c': 5.3, 'u': 506},
 (9, 10): {'c': 3.1, 'u': 506}}
Ok: 0.0006785799999997622 segundos

Carregando veículos
{0: {'capacidade_maxima_kg': 500.5, 'custo_km': 30.15, 'nome': 'Cam_G'},
 1: {'capacidade_maxima_kg': 500.5, 'custo_km': 30.15, 'nome': 'Cam_G'},
 2: {'capacidade_maxima_kg': 200.5, 'custo_km': 20.15, 'nome': 'Cam_P'},
 3: {'capacidade_maxima_kg': 200.5, 'custo_km': 20.15, 'nome': 'Cam_P'},
 4: {'capacidade_maxima_kg': 75.5, 'custo_km': 10.15, 'nome': 'Van'},
 5: {'capacidade_maxima_kg': 75.5, 'custo_km': 10.15, 'nome': 'Van'},
 6: {'capacidade_maxima_kg': 75.5, 'custo_km': 10.15, 'nome': 'Van'},
 7: {'capacidade_maxima_kg': 10.5, 'custo_km': 5.15, 'nome': 'Moto'},
 8: {'capacidade_maxima_kg': 10.5, 'custo_km': 5.15, 'nome': 'Moto'},
 9: {'capacidade_maxima_kg': 10.5, 'custo_km': 5.15, 'nome': 'Moto'},
 10: {'capacidade_maxima_kg': 8.5, 'custo_km': 3.15, 'nome': 'Moto'},
 11: {'capacidade_maxima_kg': 8.5, 'custo_km': 3.15, 'nome': 'Moto'},
 12: {'capacidade_maxima_kg': 2.5, 'custo_km': 3.15, 'nome': 'Bicicleta'}}
Ok: 0.00047755099999990946 segundos

Carregando matriz de custos (gerada préviamente)
Ok: 0.054151077000000214 segundos

Solução do problema de minimização do custo

Optimal solution:
x_(0, 1) = 15.0
x_(1, 2) = 15.0
x_(2, 9) = 7.0
x_(2, 3) = 8.0
x_(3, 4) = 3.0
x_(3, 5) = 5.0
x_(4, 7) = 2.0
x_(4, 8) = 0.0
x_(5, 8) = 4.0
x_(5, 9) = 0.0
x_(5, 10) = 0.0
x_(8, 6) = 2.0
x_(6, 10) = 0.0
x_(7, 8) = 0.0
x_(7, 10) = 0.0
x_(8, 10) = 0.0
x_(9, 10) = 5.0
Valor da solução ótima: 788

Tempo do solver (glpk): 3.875261707 segundos

Tempo total: 3.930790708 segundos

--- FIM ----

--- INÍCIO ---

Carregando filiais
Ok: 0.00017036399999970087 segundos

Carregando trajetos
{(0, 1): {'c': 15.1, 'u': 506},
 (1, 2): {'c': 15.1, 'u': 506},
 (2, 3): {'c': 15.1, 'u': 506},
 (2, 9): {'c': 10.1, 'u': 506},
 (3, 4): {'c': 10.3, 'u': 506},
 (3, 5): {'c': 10.2, 'u': 506},
 (4, 7): {'c': 4.1, 'u': 506},
 (4, 8): {'c': 5.4, 'u': 506},
 (5, 8): {'c': 5.3, 'u': 506},
 (5, 9): {'c': 6.2, 'u': 506},
 (5, 10): {'c': 5.1, 'u': 506},
 (6, 10): {'c': 1.3, 'u': 506},
 (7, 8): {'c': 4.2, 'u': 506},
 (7, 10): {'c': 2.2, 'u': 506},
 (8, 6): {'c': 8.3, 'u': 506},
 (8, 10): {'c': 5.3, 'u': 506},
 (9, 10): {'c': 3.1, 'u': 506}}
Ok: 0.0007636540000000025 segundos

Carregando veículos
{0: {'capacidade_maxima_kg': 500.5, 'custo_km': 30.15, 'nome': 'Cam_G'},
 1: {'capacidade_maxima_kg': 500.5, 'custo_km': 30.15, 'nome': 'Cam_G'},
 2: {'capacidade_maxima_kg': 200.5, 'custo_km': 20.15, 'nome': 'Cam_P'},
 3: {'capacidade_maxima_kg': 200.5, 'custo_km': 20.15, 'nome': 'Cam_P'},
 4: {'capacidade_maxima_kg': 75.5, 'custo_km': 10.15, 'nome': 'Van'},
 5: {'capacidade_maxima_kg': 75.5, 'custo_km': 10.15, 'nome': 'Van'},
 6: {'capacidade_maxima_kg': 75.5, 'custo_km': 10.15, 'nome': 'Van'},
 7: {'capacidade_maxima_kg': 10.5, 'custo_km': 5.15, 'nome': 'Moto'},
 8: {'capacidade_maxima_kg': 10.5, 'custo_km': 5.15, 'nome': 'Moto'},
 9: {'capacidade_maxima_kg': 10.5, 'custo_km': 5.15, 'nome': 'Moto'},
 10: {'capacidade_maxima_kg': 8.5, 'custo_km': 3.15, 'nome': 'Moto'},
 11: {'capacidade_maxima_kg': 8.5, 'custo_km': 3.15, 'nome': 'Moto'},
 12: {'capacidade_maxima_kg': 2.5, 'custo_km': 3.15, 'nome': 'Bicicleta'}}
Ok: 0.0004986030000000419 segundos

Carregando matriz de custos (gerada préviamente)
Arquivo data/matriz_custos.csv não existe
Ok: 4.4666000000415096e-05 segundos

Matriz de custos não encontrada!!

Criando matriz de custos
Ok: 0.021474117000000348 segundos

Gerando gráficos de custos por veículo
Ok: 19.641983727000003 segundos

Solução do problema de minimização do custo

Optimal solution:
x_(0, 1) = 15.0
x_(1, 2) = 15.0
x_(2, 9) = 7.0
x_(2, 3) = 8.0
x_(3, 4) = 3.0
x_(3, 5) = 5.0
x_(4, 7) = 2.0
x_(4, 8) = 0.0
x_(5, 8) = 4.0
x_(5, 9) = 0.0
x_(5, 10) = 0.0
x_(8, 6) = 2.0
x_(6, 10) = 0.0
x_(7, 8) = 0.0
x_(7, 10) = 0.0
x_(8, 10) = 0.0
x_(9, 10) = 5.0
Valor da solução ótima: 788

Tempo do solver (glpk): 1.9823407800000012 segundos

Tempo total: 21.647383297 segundos

--- FIM ----

--- INÍCIO ---

Carregando filiais
Ok: 0.00015965000000006668 segundos

Carregando trajetos
{(0, 1): {'c': 15.1, 'u': 506},
 (1, 2): {'c': 15.1, 'u': 506},
 (2, 3): {'c': 15.1, 'u': 506},
 (2, 9): {'c': 10.1, 'u': 506},
 (3, 4): {'c': 10.3, 'u': 506},
 (3, 5): {'c': 10.2, 'u': 506},
 (4, 7): {'c': 4.1, 'u': 506},
 (4, 8): {'c': 5.4, 'u': 506},
 (5, 8): {'c': 5.3, 'u': 506},
 (5, 9): {'c': 6.2, 'u': 506},
 (5, 10): {'c': 5.1, 'u': 506},
 (6, 10): {'c': 1.3, 'u': 506},
 (7, 8): {'c': 4.2, 'u': 506},
 (7, 10): {'c': 2.2, 'u': 506},
 (8, 6): {'c': 8.3, 'u': 506},
 (8, 10): {'c': 5.3, 'u': 506},
 (9, 10): {'c': 3.1, 'u': 506}}
Ok: 0.0006749759999999938 segundos

Carregando veículos
{0: {'capacidade_maxima_kg': 500.5, 'custo_km': 30.15, 'nome': 'Cam_G'},
 1: {'capacidade_maxima_kg': 500.5, 'custo_km': 30.15, 'nome': 'Cam_G'},
 2: {'capacidade_maxima_kg': 200.5, 'custo_km': 20.15, 'nome': 'Cam_P'},
 3: {'capacidade_maxima_kg': 200.5, 'custo_km': 20.15, 'nome': 'Cam_P'},
 4: {'capacidade_maxima_kg': 75.5, 'custo_km': 10.15, 'nome': 'Van'},
 5: {'capacidade_maxima_kg': 75.5, 'custo_km': 10.15, 'nome': 'Van'},
 6: {'capacidade_maxima_kg': 75.5, 'custo_km': 10.15, 'nome': 'Van'},
 7: {'capacidade_maxima_kg': 10.5, 'custo_km': 5.15, 'nome': 'Moto'},
 8: {'capacidade_maxima_kg': 10.5, 'custo_km': 5.15, 'nome': 'Moto'},
 9: {'capacidade_maxima_kg': 10.5, 'custo_km': 5.15, 'nome': 'Moto'},
 10: {'capacidade_maxima_kg': 8.5, 'custo_km': 3.15, 'nome': 'Moto'},
 11: {'capacidade_maxima_kg': 8.5, 'custo_km': 3.15, 'nome': 'Moto'},
 12: {'capacidade_maxima_kg': 2.5, 'custo_km': 3.15, 'nome': 'Bicicleta'}}
Ok: 0.0004938469999999917 segundos

Carregando matriz de custos (gerada préviamente)
Ok: 0.05442016099999991 segundos

Solução do problema de minimização do custo

Optimal solution:
x_(0, 1) = 15.0
x_(1, 2) = 15.0
x_(2, 9) = 7.0
x_(2, 3) = 8.0
x_(3, 4) = 3.0
x_(3, 5) = 5.0
x_(4, 7) = 2.0
x_(4, 8) = 0.0
x_(5, 8) = 4.0
x_(5, 9) = 0.0
x_(5, 10) = 0.0
x_(8, 6) = 2.0
x_(6, 10) = 0.0
x_(7, 8) = 0.0
x_(7, 10) = 0.0
x_(8, 10) = 0.0
x_(9, 10) = 5.0
Valor da solução ótima: 788

Tempo do solver (gurobi_direct): 3.8780434510000004 segundos

Tempo total: 3.933860666 segundos

--- FIM ----

--- INÍCIO ---

Carregando filiais
Ok: 0.0001507240000000465 segundos

Carregando trajetos
{(0, 1): {'c': 15.1, 'u': 506},
 (1, 2): {'c': 15.1, 'u': 506},
 (2, 3): {'c': 15.1, 'u': 506},
 (2, 9): {'c': 10.1, 'u': 506},
 (3, 4): {'c': 10.3, 'u': 506},
 (3, 5): {'c': 10.2, 'u': 506},
 (4, 7): {'c': 4.1, 'u': 506},
 (4, 8): {'c': 5.4, 'u': 506},
 (5, 8): {'c': 5.3, 'u': 506},
 (5, 9): {'c': 6.2, 'u': 506},
 (5, 10): {'c': 5.1, 'u': 506},
 (6, 10): {'c': 1.3, 'u': 506},
 (7, 8): {'c': 4.2, 'u': 506},
 (7, 10): {'c': 2.2, 'u': 506},
 (8, 6): {'c': 8.3, 'u': 506},
 (8, 10): {'c': 5.3, 'u': 506},
 (9, 10): {'c': 3.1, 'u': 506}}
Ok: 0.0006910140000000453 segundos

Carregando veículos
{0: {'capacidade_maxima_kg': 500.5, 'custo_km': 30.15, 'nome': 'Cam_G'},
 1: {'capacidade_maxima_kg': 500.5, 'custo_km': 30.15, 'nome': 'Cam_G'},
 2: {'capacidade_maxima_kg': 200.5, 'custo_km': 20.15, 'nome': 'Cam_P'},
 3: {'capacidade_maxima_kg': 200.5, 'custo_km': 20.15, 'nome': 'Cam_P'},
 4: {'capacidade_maxima_kg': 75.5, 'custo_km': 10.15, 'nome': 'Van'},
 5: {'capacidade_maxima_kg': 75.5, 'custo_km': 10.15, 'nome': 'Van'},
 6: {'capacidade_maxima_kg': 75.5, 'custo_km': 10.15, 'nome': 'Van'},
 7: {'capacidade_maxima_kg': 10.5, 'custo_km': 5.15, 'nome': 'Moto'},
 8: {'capacidade_maxima_kg': 10.5, 'custo_km': 5.15, 'nome': 'Moto'},
 9: {'capacidade_maxima_kg': 10.5, 'custo_km': 5.15, 'nome': 'Moto'},
 10: {'capacidade_maxima_kg': 8.5, 'custo_km': 3.15, 'nome': 'Moto'},
 11: {'capacidade_maxima_kg': 8.5, 'custo_km': 3.15, 'nome': 'Moto'},
 12: {'capacidade_maxima_kg': 2.5, 'custo_km': 3.15, 'nome': 'Bicicleta'}}
Ok: 0.0004802009999997914 segundos

Carregando matriz de custos (gerada préviamente)
Arquivo data/matriz_custos.csv não existe
Ok: 4.356700000007763e-05 segundos

Matriz de custos não encontrada!!

Criando matriz de custos
Ok: 0.019141820000000198 segundos

Gerando gráficos de custos por veículo
Ok: 19.444125118 segundos

Solução do problema de minimização do custo

Optimal solution:
x_(0, 1) = 15.0
x_(1, 2) = 15.0
x_(2, 9) = 7.0
x_(2, 3) = 8.0
x_(3, 4) = 3.0
x_(3, 5) = 5.0
x_(4, 7) = 2.0
x_(4, 8) = 0.0
x_(5, 8) = 4.0
x_(5, 9) = 0.0
x_(5, 10) = 0.0
x_(8, 6) = 2.0
x_(6, 10) = 0.0
x_(7, 8) = 0.0
x_(7, 10) = 0.0
x_(8, 10) = 0.0
x_(9, 10) = 5.0
Valor da solução ótima: 788

Tempo do solver (gurobi_direct): 1.956669600999998 segundos

Tempo total: 21.421400038 segundos

--- FIM ----
