
--- INÍCIO ---

Carregando filiais
['0', 'A', '15', '0']
['1', 'B', '0', '4.00']
['2', 'C', '0', '3.00']
['3', 'D', '0', '2.50']
['4', 'E', '-1', '1.50']
['5', 'F', '-1', '3.50']
['6', 'G', '-2', '2.00']
['7', 'H', '-2', '1.50']
['8', 'I', '-2', '2.00']
['9', 'J', '-2', '1.00']
['10', 'K', '-5', '1.50']
Ok: 0.00030562600000028084 segundos

Carregando trajetos
{(0, 1): {'c': 15.1, 'u': 506},
 (1, 2): {'c': 15.1, 'u': 506},
 (2, 3): {'c': 15.1, 'u': 506},
 (2, 9): {'c': 10.1, 'u': 506},
 (3, 4): {'c': 10.3, 'u': 506},
 (3, 5): {'c': 10.2, 'u': 506},
 (4, 7): {'c': 4.1, 'u': 506},
 (4, 8): {'c': 5.4, 'u': 506},
 (5, 8): {'c': 5.3, 'u': 506},
 (5, 9): {'c': 6.2, 'u': 506},
 (5, 10): {'c': 5.1, 'u': 506},
 (6, 10): {'c': 1.3, 'u': 506},
 (7, 8): {'c': 4.2, 'u': 506},
 (7, 10): {'c': 2.2, 'u': 506},
 (8, 6): {'c': 8.3, 'u': 506},
 (8, 10): {'c': 5.3, 'u': 506},
 (9, 10): {'c': 3.1, 'u': 506}}
Ok: 0.0006609489999997997 segundos

Carregando veículos
{0: {'capacidade_maxima_kg': 500.5, 'custo_km': 30.15, 'nome': 'Cam_G'},
 1: {'capacidade_maxima_kg': 500.5, 'custo_km': 30.15, 'nome': 'Cam_G'},
 2: {'capacidade_maxima_kg': 200.5, 'custo_km': 20.15, 'nome': 'Cam_P'},
 3: {'capacidade_maxima_kg': 200.5, 'custo_km': 20.15, 'nome': 'Cam_P'},
 4: {'capacidade_maxima_kg': 75.5, 'custo_km': 10.15, 'nome': 'Van'},
 5: {'capacidade_maxima_kg': 75.5, 'custo_km': 10.15, 'nome': 'Van'},
 6: {'capacidade_maxima_kg': 75.5, 'custo_km': 10.15, 'nome': 'Van'},
 7: {'capacidade_maxima_kg': 10.5, 'custo_km': 5.15, 'nome': 'Moto'},
 8: {'capacidade_maxima_kg': 10.5, 'custo_km': 5.15, 'nome': 'Moto'},
 9: {'capacidade_maxima_kg': 10.5, 'custo_km': 5.15, 'nome': 'Moto'},
 10: {'capacidade_maxima_kg': 8.5, 'custo_km': 3.15, 'nome': 'Moto'},
 11: {'capacidade_maxima_kg': 8.5, 'custo_km': 3.15, 'nome': 'Moto'},
 12: {'capacidade_maxima_kg': 2.5, 'custo_km': 3.15, 'nome': 'Bicicleta'}}
Ok: 0.0005036519999999101 segundos

Carregando matriz de custos (gerada préviamente)
Ok: 0.05309679899999997 segundos

Solução do problema de minimização do custo

Optimal solution:
x_(0, 1) = 15.0
x_(1, 2) = 15.0
x_(2, 9) = 7.0
x_(2, 3) = 8.0
x_(3, 4) = 3.0
x_(3, 5) = 5.0
x_(4, 7) = 2.0
x_(4, 8) = 0.0
x_(5, 8) = 4.0
x_(5, 9) = 0.0
x_(5, 10) = 0.0
x_(8, 6) = 2.0
x_(6, 10) = 0.0
x_(7, 8) = 0.0
x_(7, 10) = 0.0
x_(8, 10) = 0.0
x_(9, 10) = 5.0
Objective value: 788

Tempo total: 3.988280843 segundos

--- FIM ----

--- INÍCIO ---

Carregando filiais
Ok: 0.00015565700000008675 segundos

Carregando trajetos
{(0, 1): {'c': 15.1, 'u': 506},
 (1, 2): {'c': 15.1, 'u': 506},
 (2, 3): {'c': 15.1, 'u': 506},
 (2, 9): {'c': 10.1, 'u': 506},
 (3, 4): {'c': 10.3, 'u': 506},
 (3, 5): {'c': 10.2, 'u': 506},
 (4, 7): {'c': 4.1, 'u': 506},
 (4, 8): {'c': 5.4, 'u': 506},
 (5, 8): {'c': 5.3, 'u': 506},
 (5, 9): {'c': 6.2, 'u': 506},
 (5, 10): {'c': 5.1, 'u': 506},
 (6, 10): {'c': 1.3, 'u': 506},
 (7, 8): {'c': 4.2, 'u': 506},
 (7, 10): {'c': 2.2, 'u': 506},
 (8, 6): {'c': 8.3, 'u': 506},
 (8, 10): {'c': 5.3, 'u': 506},
 (9, 10): {'c': 3.1, 'u': 506}}
Ok: 0.0007071610000002337 segundos

Carregando veículos
{0: {'capacidade_maxima_kg': 500.5, 'custo_km': 30.15, 'nome': 'Cam_G'},
 1: {'capacidade_maxima_kg': 500.5, 'custo_km': 30.15, 'nome': 'Cam_G'},
 2: {'capacidade_maxima_kg': 200.5, 'custo_km': 20.15, 'nome': 'Cam_P'},
 3: {'capacidade_maxima_kg': 200.5, 'custo_km': 20.15, 'nome': 'Cam_P'},
 4: {'capacidade_maxima_kg': 75.5, 'custo_km': 10.15, 'nome': 'Van'},
 5: {'capacidade_maxima_kg': 75.5, 'custo_km': 10.15, 'nome': 'Van'},
 6: {'capacidade_maxima_kg': 75.5, 'custo_km': 10.15, 'nome': 'Van'},
 7: {'capacidade_maxima_kg': 10.5, 'custo_km': 5.15, 'nome': 'Moto'},
 8: {'capacidade_maxima_kg': 10.5, 'custo_km': 5.15, 'nome': 'Moto'},
 9: {'capacidade_maxima_kg': 10.5, 'custo_km': 5.15, 'nome': 'Moto'},
 10: {'capacidade_maxima_kg': 8.5, 'custo_km': 3.15, 'nome': 'Moto'},
 11: {'capacidade_maxima_kg': 8.5, 'custo_km': 3.15, 'nome': 'Moto'},
 12: {'capacidade_maxima_kg': 2.5, 'custo_km': 3.15, 'nome': 'Bicicleta'}}
Ok: 0.0005009710000001277 segundos

Carregando matriz de custos (gerada préviamente)
Ok: 0.053491732999999986 segundos

Solução do problema de minimização do custo

Optimal solution:
x_(0, 1) = 15.0
x_(1, 2) = 15.0
x_(2, 9) = 7.0
x_(2, 3) = 8.0
x_(3, 4) = 3.0
x_(3, 5) = 5.0
x_(4, 7) = 2.0
x_(4, 8) = 0.0
x_(5, 8) = 4.0
x_(5, 9) = 0.0
x_(5, 10) = 0.0
x_(8, 6) = 2.0
x_(6, 10) = 0.0
x_(7, 8) = 0.0
x_(7, 10) = 0.0
x_(8, 10) = 0.0
x_(9, 10) = 5.0
Valor da solução ótima: 788

Tempo total: 3.7952211119999997 segundos

--- FIM ----

--- INÍCIO ---

Carregando filiais
Ok: 0.00019156699999989257 segundos

Carregando trajetos
{(0, 1): {'c': 15.1, 'u': 506},
 (1, 2): {'c': 15.1, 'u': 506},
 (2, 3): {'c': 15.1, 'u': 506},
 (2, 9): {'c': 10.1, 'u': 506},
 (3, 4): {'c': 10.3, 'u': 506},
 (3, 5): {'c': 10.2, 'u': 506},
 (4, 7): {'c': 4.1, 'u': 506},
 (4, 8): {'c': 5.4, 'u': 506},
 (5, 8): {'c': 5.3, 'u': 506},
 (5, 9): {'c': 6.2, 'u': 506},
 (5, 10): {'c': 5.1, 'u': 506},
 (6, 10): {'c': 1.3, 'u': 506},
 (7, 8): {'c': 4.2, 'u': 506},
 (7, 10): {'c': 2.2, 'u': 506},
 (8, 6): {'c': 8.3, 'u': 506},
 (8, 10): {'c': 5.3, 'u': 506},
 (9, 10): {'c': 3.1, 'u': 506}}
Ok: 0.0007434650000002208 segundos

Carregando veículos
{0: {'capacidade_maxima_kg': 500.5, 'custo_km': 30.15, 'nome': 'Cam_G'},
 1: {'capacidade_maxima_kg': 500.5, 'custo_km': 30.15, 'nome': 'Cam_G'},
 2: {'capacidade_maxima_kg': 200.5, 'custo_km': 20.15, 'nome': 'Cam_P'},
 3: {'capacidade_maxima_kg': 200.5, 'custo_km': 20.15, 'nome': 'Cam_P'},
 4: {'capacidade_maxima_kg': 75.5, 'custo_km': 10.15, 'nome': 'Van'},
 5: {'capacidade_maxima_kg': 75.5, 'custo_km': 10.15, 'nome': 'Van'},
 6: {'capacidade_maxima_kg': 75.5, 'custo_km': 10.15, 'nome': 'Van'},
 7: {'capacidade_maxima_kg': 10.5, 'custo_km': 5.15, 'nome': 'Moto'},
 8: {'capacidade_maxima_kg': 10.5, 'custo_km': 5.15, 'nome': 'Moto'},
 9: {'capacidade_maxima_kg': 10.5, 'custo_km': 5.15, 'nome': 'Moto'},
 10: {'capacidade_maxima_kg': 8.5, 'custo_km': 3.15, 'nome': 'Moto'},
 11: {'capacidade_maxima_kg': 8.5, 'custo_km': 3.15, 'nome': 'Moto'},
 12: {'capacidade_maxima_kg': 2.5, 'custo_km': 3.15, 'nome': 'Bicicleta'}}
Ok: 0.0005226590000000364 segundos

Carregando matriz de custos (gerada préviamente)
Arquivo data/matriz_custos.csv não existe
Ok: 5.533899999976555e-05 segundos

Matriz de custos não encontrada!!

Criando matriz de custos
Ok: 0.019695290000000032 segundos

Gerando gráficos de custos por veículo
Ok: 19.263061732 segundos

Solução do problema de minimização do custo

Optimal solution:
x_(0, 1) = 15.0
x_(1, 2) = 15.0
x_(2, 9) = 7.0
x_(2, 3) = 8.0
x_(3, 4) = 3.0
x_(3, 5) = 5.0
x_(4, 7) = 2.0
x_(4, 8) = 0.0
x_(5, 8) = 4.0
x_(5, 9) = 0.0
x_(5, 10) = 0.0
x_(8, 6) = 2.0
x_(6, 10) = 0.0
x_(7, 8) = 0.0
x_(7, 10) = 0.0
x_(8, 10) = 0.0
x_(9, 10) = 5.0
Valor da solução ótima: 788

Tempo total: 1.9192525600000003 segundos

--- FIM ----

--- INÍCIO ---

Carregando filiais
Ok: 0.00036034400000017897 segundos

Carregando trajetos
{(0, 1): {'c': 15.1, 'u': 506},
 (1, 2): {'c': 15.1, 'u': 506},
 (2, 3): {'c': 15.1, 'u': 506},
 (2, 9): {'c': 10.1, 'u': 506},
 (3, 4): {'c': 10.3, 'u': 506},
 (3, 5): {'c': 10.2, 'u': 506},
 (4, 7): {'c': 4.1, 'u': 506},
 (4, 8): {'c': 5.4, 'u': 506},
 (5, 8): {'c': 5.3, 'u': 506},
 (5, 9): {'c': 6.2, 'u': 506},
 (5, 10): {'c': 5.1, 'u': 506},
 (6, 10): {'c': 1.3, 'u': 506},
 (7, 8): {'c': 4.2, 'u': 506},
 (7, 10): {'c': 2.2, 'u': 506},
 (8, 6): {'c': 8.3, 'u': 506},
 (8, 10): {'c': 5.3, 'u': 506},
 (9, 10): {'c': 3.1, 'u': 506}}
Ok: 0.0011000850000000284 segundos

Carregando veículos
{0: {'capacidade_maxima_kg': 500.5, 'custo_km': 30.15, 'nome': 'Cam_G'},
 1: {'capacidade_maxima_kg': 500.5, 'custo_km': 30.15, 'nome': 'Cam_G'},
 2: {'capacidade_maxima_kg': 200.5, 'custo_km': 20.15, 'nome': 'Cam_P'},
 3: {'capacidade_maxima_kg': 200.5, 'custo_km': 20.15, 'nome': 'Cam_P'},
 4: {'capacidade_maxima_kg': 75.5, 'custo_km': 10.15, 'nome': 'Van'},
 5: {'capacidade_maxima_kg': 75.5, 'custo_km': 10.15, 'nome': 'Van'},
 6: {'capacidade_maxima_kg': 75.5, 'custo_km': 10.15, 'nome': 'Van'},
 7: {'capacidade_maxima_kg': 10.5, 'custo_km': 5.15, 'nome': 'Moto'},
 8: {'capacidade_maxima_kg': 10.5, 'custo_km': 5.15, 'nome': 'Moto'},
 9: {'capacidade_maxima_kg': 10.5, 'custo_km': 5.15, 'nome': 'Moto'},
 10: {'capacidade_maxima_kg': 8.5, 'custo_km': 3.15, 'nome': 'Moto'},
 11: {'capacidade_maxima_kg': 8.5, 'custo_km': 3.15, 'nome': 'Moto'},
 12: {'capacidade_maxima_kg': 2.5, 'custo_km': 3.15, 'nome': 'Bicicleta'}}
Ok: 0.0006783500000002718 segundos

Carregando matriz de custos (gerada préviamente)
Arquivo data/matriz_custos.csv não existe
Ok: 6.352699999956357e-05 segundos

Matriz de custos não encontrada!!

Criando matriz de custos
Ok: 0.023264198999999763 segundos

Gerando gráficos de custos por veículo
Ok: 19.970990387 segundos

Solução do problema de minimização do custo

Optimal solution:
x_(0, 1) = 15.0
x_(1, 2) = 15.0
x_(2, 9) = 7.0
x_(2, 3) = 8.0
x_(3, 4) = 3.0
x_(3, 5) = 5.0
x_(4, 7) = 2.0
x_(4, 8) = 0.0
x_(5, 8) = 4.0
x_(5, 9) = 0.0
x_(5, 10) = 0.0
x_(8, 6) = 2.0
x_(6, 10) = 0.0
x_(7, 8) = 0.0
x_(7, 10) = 0.0
x_(8, 10) = 0.0
x_(9, 10) = 5.0
Valor da solução ótima: 788

Tempo total: 2.176593542999999 segundos

--- FIM ----

--- INÍCIO ---

Carregando filiais
Ok: 0.0001850199999999802 segundos

Carregando trajetos
{(0, 1): {'c': 15.1, 'u': 506},
 (1, 2): {'c': 15.1, 'u': 506},
 (2, 3): {'c': 15.1, 'u': 506},
 (2, 9): {'c': 10.1, 'u': 506},
 (3, 4): {'c': 10.3, 'u': 506},
 (3, 5): {'c': 10.2, 'u': 506},
 (4, 7): {'c': 4.1, 'u': 506},
 (4, 8): {'c': 5.4, 'u': 506},
 (5, 8): {'c': 5.3, 'u': 506},
 (5, 9): {'c': 6.2, 'u': 506},
 (5, 10): {'c': 5.1, 'u': 506},
 (6, 10): {'c': 1.3, 'u': 506},
 (7, 8): {'c': 4.2, 'u': 506},
 (7, 10): {'c': 2.2, 'u': 506},
 (8, 6): {'c': 8.3, 'u': 506},
 (8, 10): {'c': 5.3, 'u': 506},
 (9, 10): {'c': 3.1, 'u': 506}}
Ok: 0.0008653709999997261 segundos

Carregando veículos
{0: {'capacidade_maxima_kg': 500.5, 'custo_km': 30.15, 'nome': 'Cam_G'},
 1: {'capacidade_maxima_kg': 500.5, 'custo_km': 30.15, 'nome': 'Cam_G'},
 2: {'capacidade_maxima_kg': 200.5, 'custo_km': 20.15, 'nome': 'Cam_P'},
 3: {'capacidade_maxima_kg': 200.5, 'custo_km': 20.15, 'nome': 'Cam_P'},
 4: {'capacidade_maxima_kg': 75.5, 'custo_km': 10.15, 'nome': 'Van'},
 5: {'capacidade_maxima_kg': 75.5, 'custo_km': 10.15, 'nome': 'Van'},
 6: {'capacidade_maxima_kg': 75.5, 'custo_km': 10.15, 'nome': 'Van'},
 7: {'capacidade_maxima_kg': 10.5, 'custo_km': 5.15, 'nome': 'Moto'},
 8: {'capacidade_maxima_kg': 10.5, 'custo_km': 5.15, 'nome': 'Moto'},
 9: {'capacidade_maxima_kg': 10.5, 'custo_km': 5.15, 'nome': 'Moto'},
 10: {'capacidade_maxima_kg': 8.5, 'custo_km': 3.15, 'nome': 'Moto'},
 11: {'capacidade_maxima_kg': 8.5, 'custo_km': 3.15, 'nome': 'Moto'},
 12: {'capacidade_maxima_kg': 2.5, 'custo_km': 3.15, 'nome': 'Bicicleta'}}
Ok: 0.0006282259999998985 segundos

Carregando matriz de custos (gerada préviamente)
Arquivo data/matriz_custos.csv não existe
Ok: 7.175300000028528e-05 segundos

Matriz de custos não encontrada!!

Criando matriz de custos
Ok: 0.025568901999999838 segundos

Gerando gráficos de custos por veículo
Ok: 19.841697367000002 segundos

Solução do problema de minimização do custo

Optimal solution:
x_(0, 1) = 15.0
x_(1, 2) = 15.0
x_(2, 9) = 7.0
x_(2, 3) = 8.0
x_(3, 4) = 3.0
x_(3, 5) = 5.0
x_(4, 7) = 2.0
x_(4, 8) = 0.0
x_(5, 8) = 4.0
x_(5, 9) = 0.0
x_(5, 10) = 0.0
x_(8, 6) = 2.0
x_(6, 10) = 0.0
x_(7, 8) = 0.0
x_(7, 10) = 0.0
x_(8, 10) = 0.0
x_(9, 10) = 5.0
Valor da solução ótima: 788

Tempo do solver (glpk): 1.985457084 segundos

Tempo total: 21.854595524 segundos

--- FIM ----

--- INÍCIO ---

Carregando filiais
Ok: 0.00015243600000003354 segundos

Carregando trajetos
{(0, 1): {'c': 15.1, 'u': 506},
 (1, 2): {'c': 15.1, 'u': 506},
 (2, 3): {'c': 15.1, 'u': 506},
 (2, 9): {'c': 10.1, 'u': 506},
 (3, 4): {'c': 10.3, 'u': 506},
 (3, 5): {'c': 10.2, 'u': 506},
 (4, 7): {'c': 4.1, 'u': 506},
 (4, 8): {'c': 5.4, 'u': 506},
 (5, 8): {'c': 5.3, 'u': 506},
 (5, 9): {'c': 6.2, 'u': 506},
 (5, 10): {'c': 5.1, 'u': 506},
 (6, 10): {'c': 1.3, 'u': 506},
 (7, 8): {'c': 4.2, 'u': 506},
 (7, 10): {'c': 2.2, 'u': 506},
 (8, 6): {'c': 8.3, 'u': 506},
 (8, 10): {'c': 5.3, 'u': 506},
 (9, 10): {'c': 3.1, 'u': 506}}
Ok: 0.0007248109999999919 segundos

Carregando veículos
{0: {'capacidade_maxima_kg': 500.5, 'custo_km': 30.15, 'nome': 'Cam_G'},
 1: {'capacidade_maxima_kg': 500.5, 'custo_km': 30.15, 'nome': 'Cam_G'},
 2: {'capacidade_maxima_kg': 200.5, 'custo_km': 20.15, 'nome': 'Cam_P'},
 3: {'capacidade_maxima_kg': 200.5, 'custo_km': 20.15, 'nome': 'Cam_P'},
 4: {'capacidade_maxima_kg': 75.5, 'custo_km': 10.15, 'nome': 'Van'},
 5: {'capacidade_maxima_kg': 75.5, 'custo_km': 10.15, 'nome': 'Van'},
 6: {'capacidade_maxima_kg': 75.5, 'custo_km': 10.15, 'nome': 'Van'},
 7: {'capacidade_maxima_kg': 10.5, 'custo_km': 5.15, 'nome': 'Moto'},
 8: {'capacidade_maxima_kg': 10.5, 'custo_km': 5.15, 'nome': 'Moto'},
 9: {'capacidade_maxima_kg': 10.5, 'custo_km': 5.15, 'nome': 'Moto'},
 10: {'capacidade_maxima_kg': 8.5, 'custo_km': 3.15, 'nome': 'Moto'},
 11: {'capacidade_maxima_kg': 8.5, 'custo_km': 3.15, 'nome': 'Moto'},
 12: {'capacidade_maxima_kg': 2.5, 'custo_km': 3.15, 'nome': 'Bicicleta'}}
Ok: 0.00048111400000028226 segundos

Carregando matriz de custos (gerada préviamente)
Arquivo data/matriz_custos.csv não existe
Ok: 4.3368000000043594e-05 segundos

Matriz de custos não encontrada!!

Criando matriz de custos
Ok: 0.021593152000000337 segundos

Gerando gráficos de custos por veículo
Ok: 20.025473591999997 segundos

Solução do problema de minimização do custo

Optimal solution:
x_(0, 1) = 15.0
x_(1, 2) = 15.0
x_(2, 9) = 7.0
x_(2, 3) = 8.0
x_(3, 4) = 3.0
x_(3, 5) = 5.0
x_(4, 7) = 2.0
x_(4, 8) = 0.0
x_(5, 8) = 4.0
x_(5, 9) = 0.0
x_(5, 10) = 0.0
x_(8, 6) = 2.0
x_(6, 10) = 0.0
x_(7, 8) = 0.0
x_(7, 10) = 0.0
x_(8, 10) = 0.0
x_(9, 10) = 5.0
Valor da solução ótima: 788

Tempo do solver (glpk): 1.9298722690000005 segundos

Tempo total: 21.978443499 segundos

--- FIM ----
